Component: ARM Compiler 5.06 update 7 (build 960) Tool: armlink [4d3601]

==============================================================================

Section Cross References

    startup_stm32f103xe.o(STACK) refers (Special) to heapauxi.o(.text) for __use_two_region_memory
    startup_stm32f103xe.o(HEAP) refers (Special) to heapauxi.o(.text) for __use_two_region_memory
    startup_stm32f103xe.o(RESET) refers (Special) to heapauxi.o(.text) for __use_two_region_memory
    startup_stm32f103xe.o(RESET) refers to startup_stm32f103xe.o(STACK) for __initial_sp
    startup_stm32f103xe.o(RESET) refers to startup_stm32f103xe.o(.text) for Reset_Handler
    startup_stm32f103xe.o(RESET) refers to stm32f1xx_it.o(i.NMI_Handler) for NMI_Handler
    startup_stm32f103xe.o(RESET) refers to stm32f1xx_it.o(i.HardFault_Handler) for HardFault_Handler
    startup_stm32f103xe.o(RESET) refers to stm32f1xx_it.o(i.MemManage_Handler) for MemManage_Handler
    startup_stm32f103xe.o(RESET) refers to stm32f1xx_it.o(i.BusFault_Handler) for BusFault_Handler
    startup_stm32f103xe.o(RESET) refers to stm32f1xx_it.o(i.UsageFault_Handler) for UsageFault_Handler
    startup_stm32f103xe.o(RESET) refers to stm32f1xx_it.o(i.SVC_Handler) for SVC_Handler
    startup_stm32f103xe.o(RESET) refers to stm32f1xx_it.o(i.DebugMon_Handler) for DebugMon_Handler
    startup_stm32f103xe.o(RESET) refers to stm32f1xx_it.o(i.PendSV_Handler) for PendSV_Handler
    startup_stm32f103xe.o(RESET) refers to stm32f1xx_it.o(i.SysTick_Handler) for SysTick_Handler
    startup_stm32f103xe.o(RESET) refers to stm32f1xx_it.o(i.DMA1_Channel3_IRQHandler) for DMA1_Channel3_IRQHandler
    startup_stm32f103xe.o(RESET) refers to stm32f1xx_it.o(i.DMA1_Channel5_IRQHandler) for DMA1_Channel5_IRQHandler
    startup_stm32f103xe.o(RESET) refers to stm32f1xx_it.o(i.TIM2_IRQHandler) for TIM2_IRQHandler
    startup_stm32f103xe.o(RESET) refers to stm32f1xx_it.o(i.USART1_IRQHandler) for USART1_IRQHandler
    startup_stm32f103xe.o(RESET) refers to stm32f1xx_it.o(i.USART3_IRQHandler) for USART3_IRQHandler
    startup_stm32f103xe.o(.text) refers (Special) to heapauxi.o(.text) for __use_two_region_memory
    startup_stm32f103xe.o(.text) refers to system_stm32f1xx.o(i.SystemInit) for SystemInit
    startup_stm32f103xe.o(.text) refers to __main.o(!!!main) for __main
    startup_stm32f103xe.o(.text) refers to startup_stm32f103xe.o(HEAP) for Heap_Mem
    startup_stm32f103xe.o(.text) refers to startup_stm32f103xe.o(STACK) for Stack_Mem
    ecw.o(i.InitParams) refers to ecw.o(i.setCurrentRange) for setCurrentRange
    ecw.o(i.InitParams) refers to ecw.o(.bss) for .bss
    ecw.o(i.RunSweepMode) refers to stm32f1xx_hal_gpio.o(i.HAL_GPIO_WritePin) for HAL_GPIO_WritePin
    ecw.o(i.RunSweepMode) refers to ecw.o(i.runCV) for runCV
    ecw.o(i.RunSweepMode) refers to ecw.o(i.runIT) for runIT
    ecw.o(i.RunSweepMode) refers to ecw.o(i.runDPV) for runDPV
    ecw.o(i.RunSweepMode) refers to ecw.o(i.runSWV) for runSWV
    ecw.o(i.RunSweepMode) refers to ecw.o(.bss) for .bss
    ecw.o(i.getCurrentRange) refers to ecw.o(.data) for .data
    ecw.o(i.packAndSendData) refers to ffix.o(x$fpl$ffix) for __aeabi_f2iz
    ecw.o(i.packAndSendData) refers to fflt_clz.o(x$fpl$fflt) for __aeabi_i2f
    ecw.o(i.packAndSendData) refers to faddsub_clz.o(x$fpl$frsb) for __aeabi_frsub
    ecw.o(i.packAndSendData) refers to fmul.o(x$fpl$fmul) for __aeabi_fmul
    ecw.o(i.packAndSendData) refers to usart.o(i.SendData1) for SendData1
    ecw.o(i.parseSweepModePayload) refers to ecw.o(i.setCurrentRange) for setCurrentRange
    ecw.o(i.parseSweepModePayload) refers to ecw.o(.bss) for .bss
    ecw.o(i.reset_Voltammogram_arrays) refers to ecw.o(.data) for .data
    ecw.o(i.runCV) refers to ecw.o(i.setCurrentRange) for setCurrentRange
    ecw.o(i.runCV) refers to ecw.o(i.isVoltageWithinOutputRange) for isVoltageWithinOutputRange
    ecw.o(i.runCV) refers to ecw.o(i.runCVForward) for runCVForward
    ecw.o(i.runCV) refers to ecw.o(i.runCVBackward) for runCVBackward
    ecw.o(i.runCV) refers to ecw.o(i.setPotentiostatVoltage) for setPotentiostatVoltage
    ecw.o(i.runCV) refers to ecw.o(i.sendDormantResponse) for sendDormantResponse
    ecw.o(i.runCVBackward) refers to ecw.o(i.sampleAndSendData) for sampleAndSendData
    ecw.o(i.runCVBackward) refers to iwdg.o(i.IWDG_Feed) for IWDG_Feed
    ecw.o(i.runCVBackward) refers to ecw.o(i.setPotentiostatVoltage) for setPotentiostatVoltage
    ecw.o(i.runCVBackward) refers to ecw.o(.data) for .data
    ecw.o(i.runCVForward) refers to ecw.o(i.sampleAndSendData) for sampleAndSendData
    ecw.o(i.runCVForward) refers to iwdg.o(i.IWDG_Feed) for IWDG_Feed
    ecw.o(i.runCVForward) refers to ecw.o(i.setPotentiostatVoltage) for setPotentiostatVoltage
    ecw.o(i.runCVForward) refers to ecw.o(.data) for .data
    ecw.o(i.runDPV) refers to ecw.o(i.setCurrentRange) for setCurrentRange
    ecw.o(i.runDPV) refers to ecw.o(i.isVoltageWithinOutputRange) for isVoltageWithinOutputRange
[...]
    .text                                    0x08000430   Section        8  libspace.o(.text)
    i.ADC_ConversionStop_Disable             0x08000438   Section        0  stm32f1xx_hal_adc.o(i.ADC_ConversionStop_Disable)
    i.ADC_Enable                             0x08000490   Section        0  stm32f1xx_hal_adc.o(i.ADC_Enable)
    i.BusFault_Handler                       0x0800050c   Section        0  stm32f1xx_it.o(i.BusFault_Handler)
    i.CalculateChecksum                      0x0800050e   Section        0  usart.o(i.CalculateChecksum)
    i.CalculateChecksum1                     0x08000528   Section        0  usart.o(i.CalculateChecksum1)
    i.Configure_BLE_Module                   0x08000544   Section        0  usart.o(i.Configure_BLE_Module)
    i.DMA1_Channel3_IRQHandler               0x08000570   Section        0  stm32f1xx_it.o(i.DMA1_Channel3_IRQHandler)
    i.DMA1_Channel5_IRQHandler               0x0800057c   Section        0  stm32f1xx_it.o(i.DMA1_Channel5_IRQHandler)
    i.DMA_SetConfig                          0x08000588   Section        0  stm32f1xx_hal_dma.o(i.DMA_SetConfig)
    DMA_SetConfig                            0x08000589   Thumb Code    42  stm32f1xx_hal_dma.o(i.DMA_SetConfig)
    i.DebugMon_Handler                       0x080005b2   Section        0  stm32f1xx_it.o(i.DebugMon_Handler)
    i.Error_Handler                          0x080005b4   Section        0  main.o(i.Error_Handler)
    i.Get_Adc                                0x080005b8   Section        0  adc.o(i.Get_Adc)
    i.Get_Adc_Average                        0x080005e8   Section        0  adc.o(i.Get_Adc_Average)
    i.HAL_ADC_ConfigChannel                  0x08000618   Section        0  stm32f1xx_hal_adc.o(i.HAL_ADC_ConfigChannel)
    i.HAL_ADC_GetValue                       0x08000714   Section        0  stm32f1xx_hal_adc.o(i.HAL_ADC_GetValue)
    i.HAL_ADC_Init                           0x0800071c   Section        0  stm32f1xx_hal_adc.o(i.HAL_ADC_Init)
    i.HAL_ADC_MspInit                        0x0800083c   Section        0  adc.o(i.HAL_ADC_MspInit)
    i.HAL_ADC_PollForConversion              0x08000894   Section        0  stm32f1xx_hal_adc.o(i.HAL_ADC_PollForConversion)
    i.HAL_ADC_Start                          0x080009d0   Section        0  stm32f1xx_hal_adc.o(i.HAL_ADC_Start)
    i.HAL_DAC_ConfigChannel                  0x08000a90   Section        0  stm32f1xx_hal_dac.o(i.HAL_DAC_ConfigChannel)
    i.HAL_DAC_Init                           0x08000ade   Section        0  stm32f1xx_hal_dac.o(i.HAL_DAC_Init)
    i.HAL_DAC_MspInit                        0x08000b08   Section        0  dac.o(i.HAL_DAC_MspInit)
    i.HAL_DAC_SetValue                       0x08000b60   Section        0  stm32f1xx_hal_dac.o(i.HAL_DAC_SetValue)
    i.HAL_DAC_Start                          0x08000b82   Section        0  stm32f1xx_hal_dac.o(i.HAL_DAC_Start)
    i.HAL_DAC_Stop                           0x08000be4   Section        0  stm32f1xx_hal_dac.o(i.HAL_DAC_Stop)
    i.HAL_DMA_Abort                          0x08000c04   Section        0  stm32f1xx_hal_dma.o(i.HAL_DMA_Abort)
    i.HAL_DMA_Abort_IT                       0x08000c4c   Section        0  stm32f1xx_hal_dma.o(i.HAL_DMA_Abort_IT)
    i.HAL_DMA_IRQHandler                     0x08000d7c   Section        0  stm32f1xx_hal_dma.o(i.HAL_DMA_IRQHandler)
    i.HAL_DMA_Init                           0x08000fc4   Section        0  stm32f1xx_hal_dma.o(i.HAL_DMA_Init)
    i.HAL_DMA_Start_IT                       0x08001040   Section        0  stm32f1xx_hal_dma.o(i.HAL_DMA_Start_IT)
    i.HAL_Delay                              0x080010b0   Section        0  stm32f1xx_hal.o(i.HAL_Delay)
    i.HAL_GPIO_Init                          0x080010d4   Section        0  stm32f1xx_hal_gpio.o(i.HAL_GPIO_Init)
    i.HAL_GPIO_TogglePin                     0x080012cc   Section        0  stm32f1xx_hal_gpio.o(i.HAL_GPIO_TogglePin)
    i.HAL_GPIO_WritePin                      0x080012dc   Section        0  stm32f1xx_hal_gpio.o(i.HAL_GPIO_WritePin)
    i.HAL_GetTick                            0x080012e8   Section        0  stm32f1xx_hal.o(i.HAL_GetTick)
    i.HAL_IWDG_Init                          0x080012f4   Section        0  stm32f1xx_hal_iwdg.o(i.HAL_IWDG_Init)
    i.HAL_IWDG_Refresh                       0x08001352   Section        0  stm32f1xx_hal_iwdg.o(i.HAL_IWDG_Refresh)
    i.HAL_IncTick                            0x08001360   Section        0  stm32f1xx_hal.o(i.HAL_IncTick)
    i.HAL_Init                               0x08001370   Section        0  stm32f1xx_hal.o(i.HAL_Init)
    i.HAL_InitTick                           0x08001394   Section        0  stm32f1xx_hal.o(i.HAL_InitTick)
    i.HAL_MspInit                            0x080013d4   Section        0  stm32f1xx_hal_msp.o(i.HAL_MspInit)
    i.HAL_NVIC_EnableIRQ                     0x08001410   Section        0  stm32f1xx_hal_cortex.o(i.HAL_NVIC_EnableIRQ)
    i.HAL_NVIC_SetPriority                   0x0800142c   Section        0  stm32f1xx_hal_cortex.o(i.HAL_NVIC_SetPriority)
    i.HAL_NVIC_SetPriorityGrouping           0x0800146c   Section        0  stm32f1xx_hal_cortex.o(i.HAL_NVIC_SetPriorityGrouping)
    i.HAL_RCCEx_GetPeriphCLKFreq             0x08001490   Section        0  stm32f1xx_hal_rcc_ex.o(i.HAL_RCCEx_GetPeriphCLKFreq)
    i.HAL_RCCEx_PeriphCLKConfig              0x08001548   Section        0  stm32f1xx_hal_rcc_ex.o(i.HAL_RCCEx_PeriphCLKConfig)
    i.HAL_RCC_ClockConfig                    0x08001634   Section        0  stm32f1xx_hal_rcc.o(i.HAL_RCC_ClockConfig)
    i.HAL_RCC_GetPCLK1Freq                   0x08001760   Section        0  stm32f1xx_hal_rcc.o(i.HAL_RCC_GetPCLK1Freq)
    i.HAL_RCC_GetPCLK2Freq                   0x08001780   Section        0  stm32f1xx_hal_rcc.o(i.HAL_RCC_GetPCLK2Freq)
    i.HAL_RCC_GetSysClockFreq                0x080017a0   Section        0  stm32f1xx_hal_rcc.o(i.HAL_RCC_GetSysClockFreq)
    i.HAL_RCC_OscConfig                      0x080017ec   Section        0  stm32f1xx_hal_rcc.o(i.HAL_RCC_OscConfig)
    i.HAL_SYSTICK_CLKSourceConfig            0x08001b0c   Section        0  stm32f1xx_hal_cortex.o(i.HAL_SYSTICK_CLKSourceConfig)
    i.HAL_SYSTICK_Config                     0x08001b24   Section        0  stm32f1xx_hal_cortex.o(i.HAL_SYSTICK_Config)
    i.HAL_TIMEx_BreakCallback                0x08001b4c   Section        0  stm32f1xx_hal_tim_ex.o(i.HAL_TIMEx_BreakCallback)
    i.HAL_TIMEx_CommutCallback               0x08001b4e   Section        0  stm32f1xx_hal_tim_ex.o(i.HAL_TIMEx_CommutCallback)
    i.HAL_TIMEx_MasterConfigSynchronization  0x08001b50   Section        0  stm32f1xx_hal_tim_ex.o(i.HAL_TIMEx_MasterConfigSynchronization)
    i.HAL_TIM_Base_Init                      0x08001bcc   Section        0  stm32f1xx_hal_tim.o(i.HAL_TIM_Base_Init)
    i.HAL_TIM_Base_MspInit                   0x08001c28   Section        0  tim.o(i.HAL_TIM_Base_MspInit)
    i.HAL_TIM_Base_Start_IT                  0x08001c60   Section        0  stm32f1xx_hal_tim.o(i.HAL_TIM_Base_Start_IT)
    i.HAL_TIM_Base_Stop_IT                   0x08001ccc   Section        0  stm32f1xx_hal_tim.o(i.HAL_TIM_Base_Stop_IT)
    i.HAL_TIM_ConfigClockSource              0x08001cfc   Section        0  stm32f1xx_hal_tim.o(i.HAL_TIM_ConfigClockSource)
    i.HAL_TIM_IC_CaptureCallback             0x08001dd8   Section        0  stm32f1xx_hal_tim.o(i.HAL_TIM_IC_CaptureCallback)
    i.HAL_TIM_IRQHandler                     0x08001dda   Section        0  stm32f1xx_hal_tim.o(i.HAL_TIM_IRQHandler)
    i.HAL_TIM_OC_DelayElapsedCallback        0x08001f0a   Section        0  stm32f1xx_hal_tim.o(i.HAL_TIM_OC_DelayElapsedCallback)
    i.HAL_TIM_PWM_PulseFinishedCallback      0x08001f0c   Section        0  stm32f1xx_hal_tim.o(i.HAL_TIM_PWM_PulseFinishedCallback)
    i.HAL_TIM_PeriodElapsedCallback          0x08001f0e   Section        0  stm32f1xx_hal_tim.o(i.HAL_TIM_PeriodElapsedCallback)
    i.HAL_TIM_TriggerCallback                0x08001f10   Section        0  stm32f1xx_hal_tim.o(i.HAL_TIM_TriggerCallback)
    i.HAL_UARTEx_RxEventCallback             0x08001f12   Section        0  stm32f1xx_hal_uart.o(i.HAL_UARTEx_RxEventCallback)
    i.HAL_UART_DMAStop                       0x08001f14   Section        0  stm32f1xx_hal_uart.o(i.HAL_UART_DMAStop)
    i.HAL_UART_ErrorCallback                 0x08001f84   Section        0  stm32f1xx_hal_uart.o(i.HAL_UART_ErrorCallback)
    i.HAL_UART_IRQHandler                    0x08001f88   Section        0  stm32f1xx_hal_uart.o(i.HAL_UART_IRQHandler)
    i.HAL_UART_Init                          0x080021f4   Section        0  stm32f1xx_hal_uart.o(i.HAL_UART_Init)
    i.HAL_UART_MspInit                       0x08002258   Section        0  usart.o(i.HAL_UART_MspInit)
    i.HAL_UART_Receive_DMA                   0x08002398   Section        0  stm32f1xx_hal_uart.o(i.HAL_UART_Receive_DMA)
    i.HAL_UART_RxCpltCallback                0x080023b4   Section        0  usart.o(i.HAL_UART_RxCpltCallback)
    i.HAL_UART_RxHalfCpltCallback            0x080023b6   Section        0  stm32f1xx_hal_uart.o(i.HAL_UART_RxHalfCpltCallback)
    i.HAL_UART_Transmit                      0x080023b8   Section        0  stm32f1xx_hal_uart.o(i.HAL_UART_Transmit)
    i.HAL_UART_TxCpltCallback                0x08002458   Section        0  stm32f1xx_hal_uart.o(i.HAL_UART_TxCpltCallback)
    i.HardFault_Handler                      0x0800245a   Section        0  stm32f1xx_it.o(i.HardFault_Handler)
    i.IWDG_Feed                              0x0800245c   Section        0  iwdg.o(i.IWDG_Feed)
    i.InitParams                             0x08002468   Section        0  ecw.o(i.InitParams)
    i.MX_ADC1_Init                           0x080024a8   Section        0  adc.o(i.MX_ADC1_Init)
    i.MX_DAC_Init                            0x080024f8   Section        0  dac.o(i.MX_DAC_Init)
    i.MX_DMA_Init                            0x08002534   Section        0  dma.o(i.MX_DMA_Init)
    i.MX_GPIO_Init                           0x08002570   Section        0  gpio.o(i.MX_GPIO_Init)
    i.MX_IWDG_Init                           0x08002618   Section        0  iwdg.o(i.MX_IWDG_Init)
    i.MX_TIM2_Init                           0x08002644   Section        0  tim.o(i.MX_TIM2_Init)
    i.MX_USART3_UART_Init                    0x080026ac   Section        0  usart.o(i.MX_USART3_UART_Init)
    i.MemManage_Handler                      0x080026fc   Section        0  stm32f1xx_it.o(i.MemManage_Handler)
    i.NMI_Handler                            0x080026fe   Section        0  stm32f1xx_it.o(i.NMI_Handler)
    i.PendSV_Handler                         0x08002700   Section        0  stm32f1xx_it.o(i.PendSV_Handler)
    i.ProcessReceivedData                    0x08002704   Section        0  usart.o(i.ProcessReceivedData)
    i.RunSweepMode                           0x080027a4   Section        0  ecw.o(i.RunSweepMode)
    i.SVC_Handler                            0x0800288c   Section        0  stm32f1xx_it.o(i.SVC_Handler)
    i.SendData                               0x08002890   Section        0  usart.o(i.SendData)
    i.SendData1                              0x080028e8   Section        0  usart.o(i.SendData1)
    i.Send_AT_Command                        0x08002940   Section        0  usart.o(i.Send_AT_Command)
    i.SysTick_Handler                        0x08002978   Section        0  stm32f1xx_it.o(i.SysTick_Handler)
    i.SystemClock_Config                     0x0800297c   Section        0  main.o(i.SystemClock_Config)
    i.SystemInit                             0x080029f6   Section        0  system_stm32f1xx.o(i.SystemInit)
    i.TIM2_IRQHandler                        0x080029f8   Section        0  stm32f1xx_it.o(i.TIM2_IRQHandler)
    i.TIM_Base_SetConfig                     0x08002a10   Section        0  stm32f1xx_hal_tim.o(i.TIM_Base_SetConfig)
    i.TIM_ETR_SetConfig                      0x08002aac   Section        0  stm32f1xx_hal_tim.o(i.TIM_ETR_SetConfig)
    i.TIM_ITRx_SetConfig                     0x08002ac0   Section        0  stm32f1xx_hal_tim.o(i.TIM_ITRx_SetConfig)
    TIM_ITRx_SetConfig                       0x08002ac1   Thumb Code    16  stm32f1xx_hal_tim.o(i.TIM_ITRx_SetConfig)
    i.TIM_TI1_ConfigInputStage               0x08002ad0   Section        0  stm32f1xx_hal_tim.o(i.TIM_TI1_ConfigInputStage)
    TIM_TI1_ConfigInputStage                 0x08002ad1   Thumb Code    34  stm32f1xx_hal_tim.o(i.TIM_TI1_ConfigInputStage)
    i.TIM_TI2_ConfigInputStage               0x08002af2   Section        0  stm32f1xx_hal_tim.o(i.TIM_TI2_ConfigInputStage)
    TIM_TI2_ConfigInputStage                 0x08002af3   Thumb Code    36  stm32f1xx_hal_tim.o(i.TIM_TI2_ConfigInputStage)
    i.UART_DMAAbortOnError                   0x08002b16   Section        0  stm32f1xx_hal_uart.o(i.UART_DMAAbortOnError)
    UART_DMAAbortOnError                     0x08002b17   Thumb Code    16  stm32f1xx_hal_uart.o(i.UART_DMAAbortOnError)
    i.UART_DMAError                          0x08002b26   Section        0  stm32f1xx_hal_uart.o(i.UART_DMAError)
    UART_DMAError                            0x08002b27   Thumb Code    74  stm32f1xx_hal_uart.o(i.UART_DMAError)
    i.UART_DMAReceiveCplt                    0x08002b70   Section        0  stm32f1xx_hal_uart.o(i.UART_DMAReceiveCplt)
    UART_DMAReceiveCplt                      0x08002b71   Thumb Code   134  stm32f1xx_hal_uart.o(i.UART_DMAReceiveCplt)
    i.UART_DMARxHalfCplt                     0x08002bf6   Section        0  stm32f1xx_hal_uart.o(i.UART_DMARxHalfCplt)
    UART_DMARxHalfCplt                       0x08002bf7   Thumb Code    30  stm32f1xx_hal_uart.o(i.UART_DMARxHalfCplt)
    i.UART_EndRxTransfer                     0x08002c14   Section        0  stm32f1xx_hal_uart.o(i.UART_EndRxTransfer)
    UART_EndRxTransfer                       0x08002c15   Thumb Code    78  stm32f1xx_hal_uart.o(i.UART_EndRxTransfer)
    i.UART_EndTxTransfer                     0x08002c62   Section        0  stm32f1xx_hal_uart.o(i.UART_EndTxTransfer)
    UART_EndTxTransfer                       0x08002c63   Thumb Code    28  stm32f1xx_hal_uart.o(i.UART_EndTxTransfer)
    i.UART_Receive_IT                        0x08002c7e   Section        0  stm32f1xx_hal_uart.o(i.UART_Receive_IT)
    UART_Receive_IT                          0x08002c7f   Thumb Code   194  stm32f1xx_hal_uart.o(i.UART_Receive_IT)
    i.UART_SetConfig                         0x08002d40   Section        0  stm32f1xx_hal_uart.o(i.UART_SetConfig)
    UART_SetConfig                           0x08002d41   Thumb Code   178  stm32f1xx_hal_uart.o(i.UART_SetConfig)
    i.UART_Start_Receive_DMA                 0x08002df8   Section        0  stm32f1xx_hal_uart.o(i.UART_Start_Receive_DMA)
    i.UART_WaitOnFlagUntilTimeout            0x08002e88   Section        0  stm32f1xx_hal_uart.o(i.UART_WaitOnFlagUntilTimeout)
    UART_WaitOnFlagUntilTimeout              0x08002e89   Thumb Code   114  stm32f1xx_hal_uart.o(i.UART_WaitOnFlagUntilTimeout)
    i.USART1_IRQHandler                      0x08002efc   Section        0  stm32f1xx_it.o(i.USART1_IRQHandler)
    i.USART3_IRQHandler                      0x08002f44   Section        0  stm32f1xx_it.o(i.USART3_IRQHandler)
    i.UsageFault_Handler                     0x08002fa0   Section        0  stm32f1xx_it.o(i.UsageFault_Handler)
    i.__NVIC_SetPriority                     0x08002fa2   Section        0  stm32f1xx_hal_cortex.o(i.__NVIC_SetPriority)
    __NVIC_SetPriority                       0x08002fa3   Thumb Code    32  stm32f1xx_hal_cortex.o(i.__NVIC_SetPriority)
    i._sys_exit                              0x08002fc2   Section        0  usart.o(i._sys_exit)
    i.delay_init                             0x08002fc4   Section        0  delay.o(i.delay_init)
    i.delay_us                               0x08002fd8   Section        0  delay.o(i.delay_us)
    i.isVoltageWithinOutputRange             0x0800300c   Section        0  ecw.o(i.isVoltageWithinOutputRange)
    isVoltageWithinOutputRange               0x0800300d   Thumb Code    20  ecw.o(i.isVoltageWithinOutputRange)
    i.main                                   0x08003020   Section        0  main.o(i.main)
    i.packAndSendData                        0x08003080   Section        0  ecw.o(i.packAndSendData)
    i.parseSweepModePayload                  0x080030d8   Section        0  ecw.o(i.parseSweepModePayload)
    i.reset_Voltammogram_arrays              0x080031b8   Section        0  ecw.o(i.reset_Voltammogram_arrays)
    i.runCV                                  0x080031c8   Section        0  ecw.o(i.runCV)
    i.runCVBackward                          0x08003248   Section        0  ecw.o(i.runCVBackward)
    i.runCVForward                           0x08003328   Section        0  ecw.o(i.runCVForward)
    i.runDPV                                 0x08003408   Section        0  ecw.o(i.runDPV)
    i.runDPVBackward                         0x080034b4   Section        0  ecw.o(i.runDPVBackward)
    i.runDPVForward                          0x08003584   Section        0  ecw.o(i.runDPVForward)
    i.runIT                                  0x08003654   Section        0  ecw.o(i.runIT)
    i.runSWV                                 0x08003778   Section        0  ecw.o(i.runSWV)
    i.runSWVBackward                         0x08003824   Section        0  ecw.o(i.runSWVBackward)
    i.runSWVForward                          0x08003904   Section        0  ecw.o(i.runSWVForward)
    i.sampleAndSendData                      0x080039e4   Section        0  ecw.o(i.sampleAndSendData)
    i.sampleCurrent                          0x08003a28   Section        0  ecw.o(i.sampleCurrent)
    i.sendDormantResponse                    0x08003a94   Section        0  ecw.o(i.sendDormantResponse)
    sendDormantResponse                      0x08003a95   Thumb Code    20  ecw.o(i.sendDormantResponse)
    i.setCurrentRange                        0x08003aac   Section        0  ecw.o(i.setCurrentRange)
    i.setPotentiostatVoltage                 0x08003ae0   Section        0  ecw.o(i.setPotentiostatVoltage)
    x$fpl$fadd                               0x08003b4c   Section      196  faddsub_clz.o(x$fpl$fadd)
    _fadd1                                   0x08003b5b   Thumb Code     0  faddsub_clz.o(x$fpl$fadd)
    x$fpl$fcheck1                            0x08003c10   Section       12  fcheck1.o(x$fpl$fcheck1)
    x$fpl$fcmpinf                            0x08003c1c   Section       24  fcmpi.o(x$fpl$fcmpinf)
    x$fpl$fdiv                               0x08003c34   Section      388  fdiv.o(x$fpl$fdiv)
    _fdiv1                                   0x08003c35   Thumb Code     0  fdiv.o(x$fpl$fdiv)
    x$fpl$ffix                               0x08003db8   Section       54  ffix.o(x$fpl$ffix)
    x$fpl$ffixu                              0x08003df0   Section       62  ffixu.o(x$fpl$ffixu)
    x$fpl$fflt                               0x08003e30   Section       48  fflt_clz.o(x$fpl$fflt)
    x$fpl$ffltu                              0x08003e60   Section       38  fflt_clz.o(x$fpl$ffltu)
    x$fpl$fleqf                              0x08003e88   Section      104  fleqf.o(x$fpl$fleqf)
    x$fpl$fmul                               0x08003ef0   Section      258  fmul.o(x$fpl$fmul)
    x$fpl$fnaninf                            0x08003ff2   Section      140  fnaninf.o(x$fpl$fnaninf)
    x$fpl$fretinf                            0x0800407e   Section       10  fretinf.o(x$fpl$fretinf)
    x$fpl$frsb                               0x08004088   Section       20  faddsub_clz.o(x$fpl$frsb)
    x$fpl$fsub                               0x0800409c   Section      234  faddsub_clz.o(x$fpl$fsub)
    _fsub1                                   0x080040ab   Thumb Code     0  faddsub_clz.o(x$fpl$fsub)
    x$fpl$retnan                             0x08004186   Section      100  retnan.o(x$fpl$retnan)
    x$fpl$scalbnf                            0x080041ea   Section       76  scalbnf.o(x$fpl$scalbnf)
    x$fpl$trapveneer                         0x08004236   Section       48  trapv.o(x$fpl$trapveneer)
    .constdata                               0x08004266   Section       18  stm32f1xx_hal_rcc.o(.constdata)
    x$fpl$usenofp                            0x08004266   Section        0  usenofp.o(x$fpl$usenofp)
    aPredivFactorTable                       0x08004266   Data           2  stm32f1xx_hal_rcc.o(.constdata)
    aPLLMULFactorTable                       0x08004268   Data          16  stm32f1xx_hal_rcc.o(.constdata)
    .constdata                               0x08004278   Section       18  stm32f1xx_hal_rcc_ex.o(.constdata)
    aPredivFactorTable                       0x08004278   Data           2  stm32f1xx_hal_rcc_ex.o(.constdata)
    aPLLMULFactorTable                       0x0800427a   Data          16  stm32f1xx_hal_rcc_ex.o(.constdata)
    .constdata                               0x0800428a   Section       16  system_stm32f1xx.o(.constdata)
    .constdata                               0x0800429a   Section        8  system_stm32f1xx.o(.constdata)
    .data                                    0x20000000   Section       20  ecw.o(.data)
    .data                                    0x20000014   Section        4  delay.o(.data)
    fac_us                                   0x20000014   Data           4  delay.o(.data)
    .data                                    0x20000018   Section       12  stm32f1xx_hal.o(.data)
    .data                                    0x20000024   Section        4  system_stm32f1xx.o(.data)
    .bss                                     0x20000028   Section       80  ecw.o(.bss)
    .bss                                     0x20000078   Section       48  adc.o(.bss)
    .bss                                     0x200000a8   Section       20  dac.o(.bss)
    .bss                                     0x200000bc   Section       72  tim.o(.bss)
    .bss                                     0x20000104   Section      892  usart.o(.bss)
    .bss                                     0x20000480   Section       12  iwdg.o(.bss)
    .bss                                     0x2000048c   Section       96  libspace.o(.bss)
    HEAP                                     0x200004f0   Section      512  startup_stm32f103xe.o(HEAP)
    Heap_Mem                                 0x200004f0   Data         512  startup_stm32f103xe.o(HEAP)
    STACK                                    0x200006f0   Section     1024  startup_stm32f103xe.o(STACK)
    Stack_Mem                                0x200006f0   Data        1024  startup_stm32f103xe.o(STACK)
    __initial_sp                             0x20000af0   Data           0  startup_stm32f103xe.o(STACK)

    Global Symbols

    Symbol Name                              Value     Ov Type        Size  Object(Section)

    BuildAttributes$$THM_ISAv4$P$D$K$B$S$PE$A:L22UL41UL21$X:L11$S22US41US21$IEEE1$IW$USESV6$~STKCKD$USESV7$~SHL$OSPACE$ROPI$EBA8$UX$STANDARDLIB$REQ8$PRES8$EABIv2 0x00000000   Number         0  anon$$obj.o ABSOLUTE
    __ARM_use_no_argv                        0x00000000   Number         0  main.o ABSOLUTE
    __ARM_exceptions_init                     - Undefined Weak Reference
    __alloca_initialize                       - Undefined Weak Reference
    __arm_fini_                               - Undefined Weak Reference
    __arm_preinit_                            - Undefined Weak Reference
    __cpp_initialize__aeabi_                  - Undefined Weak Reference
    __cxa_finalize                            - Undefined Weak Reference
    __rt_locale                               - Undefined Weak Reference
    __sigvec_lookup                           - Undefined Weak Reference
    _atexit_init                              - Undefined Weak Reference
    _call_atexit_fns                          - Undefined Weak Reference
    _clock_init                               - Undefined Weak Reference
    _fp_trap_init                             - Undefined Weak Reference
    _fp_trap_shutdown                         - Undefined Weak Reference
    _get_lc_collate                           - Undefined Weak Reference
    _get_lc_ctype                             - Undefined Weak Reference
    _get_lc_monetary                          - Undefined Weak Reference
    _get_lc_numeric                           - Undefined Weak Reference
    _get_lc_time                              - Undefined Weak Reference
    _getenv_init                              - Undefined Weak Reference
    _handle_redirection                       - Undefined Weak Reference
    _init_alloc                               - Undefined Weak Reference
    _init_user_alloc                          - Undefined Weak Reference
    _initio                                   - Undefined Weak Reference
    _rand_init                                - Undefined Weak Reference
    _signal_finish                            - Undefined Weak Reference
    _signal_init                              - Undefined Weak Reference
    _terminate_alloc                          - Undefined Weak Reference
    _terminate_user_alloc                     - Undefined Weak Reference
    _terminateio                              - Undefined Weak Reference
    __Vectors_Size                           0x00000130   Number         0  startup_stm32f103xe.o ABSOLUTE
    __Vectors                                0x08000000   Data           4  startup_stm32f103xe.o(RESET)
    __Vectors_End                            0x08000130   Data           0  startup_stm32f103xe.o(RESET)
    __main                                   0x08000131   Thumb Code     8  __main.o(!!!main)
    __scatterload                            0x08000139   Thumb Code     0  __scatter.o(!!!scatter)
    __scatterload_rt2                        0x08000139   Thumb Code    44  __scatter.o(!!!scatter)
    __scatterload_rt2_thumb_only             0x08000139   Thumb Code     0  __scatter.o(!!!scatter)
    __scatterload_null                       0x08000147   Thumb Code     0  __scatter.o(!!!scatter)
    __scatterload_copy                       0x0800016d   Thumb Code    26  __scatter_copy.o(!!handler_copy)
    __scatterload_zeroinit                   0x08000189   Thumb Code    28  __scatter_zi.o(!!handler_zi)
    __rt_lib_init                            0x080001a5   Thumb Code     0  libinit.o(.ARM.Collect$$libinit$$00000000)
    __rt_lib_init_alloca_1                   0x080001a7   Thumb Code     0  libinit2.o(.ARM.Collect$$libinit$$0000002E)
    __rt_lib_init_argv_1                     0x080001a7   Thumb Code     0  libinit2.o(.ARM.Collect$$libinit$$0000002C)
    __rt_lib_init_atexit_1                   0x080001a7   Thumb Code     0  libinit2.o(.ARM.Collect$$libinit$$0000001B)
    __rt_lib_init_clock_1                    0x080001a7   Thumb Code     0  libinit2.o(.ARM.Collect$$libinit$$00000021)
    __rt_lib_init_cpp_1                      0x080001a7   Thumb Code     0  libinit2.o(.ARM.Collect$$libinit$$00000032)
    __rt_lib_init_exceptions_1               0x080001a7   Thumb Code     0  libinit2.o(.ARM.Collect$$libinit$$00000030)
    __rt_lib_init_fp_1                       0x080001a7   Thumb Code     0  libinit2.o(.ARM.Collect$$libinit$$00000002)
    __rt_lib_init_fp_trap_1                  0x080001a7   Thumb Code     0  libinit2.o(.ARM.Collect$$libinit$$0000001F)
    __rt_lib_init_getenv_1                   0x080001a7   Thumb Code     0  libinit2.o(.ARM.Collect$$libinit$$00000023)
    __rt_lib_init_heap_1                     0x080001a7   Thumb Code     0  libinit2.o(.ARM.Collect$$libinit$$0000000A)
    __rt_lib_init_lc_collate_1               0x080001a7   Thumb Code     0  libinit2.o(.ARM.Collect$$libinit$$00000011)
    __rt_lib_init_lc_ctype_1                 0x080001a7   Thumb Code     0  libinit2.o(.ARM.Collect$$libinit$$00000013)
    __rt_lib_init_lc_monetary_1              0x080001a7   Thumb Code     0  libinit2.o(.ARM.Collect$$libinit$$00000015)
    __rt_lib_init_lc_numeric_1               0x080001a7   Thumb Code     0  libinit2.o(.ARM.Collect$$libinit$$00000017)
    __rt_lib_init_lc_time_1                  0x080001a7   Thumb Code     0  libinit2.o(.ARM.Collect$$libinit$$00000019)
    __rt_lib_init_preinit_1                  0x080001a7   Thumb Code     0  libinit2.o(.ARM.Collect$$libinit$$00000004)
    __rt_lib_init_rand_1                     0x080001a7   Thumb Code     0  libinit2.o(.ARM.Collect$$libinit$$0000000E)
    __rt_lib_init_return                     0x080001a7   Thumb Code     0  libinit2.o(.ARM.Collect$$libinit$$00000033)
    __rt_lib_init_signal_1                   0x080001a7   Thumb Code     0  libinit2.o(.ARM.Collect$$libinit$$0000001D)
    __rt_lib_init_stdio_1                    0x080001a7   Thumb Code     0  libinit2.o(.ARM.Collect$$libinit$$00000025)
    __rt_lib_init_user_alloc_1               0x080001a7   Thumb Code     0  libinit2.o(.ARM.Collect$$libinit$$0000000C)
    __rt_lib_shutdown                        0x080001a9   Thumb Code     0  libshutdown.o(.ARM.Collect$$libshutdown$$00000000)
    __rt_lib_shutdown_cpp_1                  0x080001ab   Thumb Code     0  libshutdown2.o(.ARM.Collect$$libshutdown$$00000004)
    __rt_lib_shutdown_fini_1                 0x080001ab   Thumb Code     0  libshutdown2.o(.ARM.Collect$$libshutdown$$00000002)
    __rt_lib_shutdown_fp_trap_1              0x080001ab   Thumb Code     0  libshutdown2.o(.ARM.Collect$$libshutdown$$00000009)
    __rt_lib_shutdown_heap_1                 0x080001ab   Thumb Code     0  libshutdown2.o(.ARM.Collect$$libshutdown$$00000011)
    __rt_lib_shutdown_return                 0x080001ab   Thumb Code     0  libshutdown2.o(.ARM.Collect$$libshutdown$$00000012)
    __rt_lib_shutdown_signal_1               0x080001ab   Thumb Code     0  libshutdown2.o(.ARM.Collect$$libshutdown$$0000000C)
    __rt_lib_shutdown_stdio_1                0x080001ab   Thumb Code     0  libshutdown2.o(.ARM.Collect$$libshutdown$$00000006)
    __rt_lib_shutdown_user_alloc_1           0x080001ab   Thumb Code     0  libshutdown2.o(.ARM.Collect$$libshutdown$$0000000E)
    __rt_entry                               0x080001ad   Thumb Code     0  __rtentry.o(.ARM.Collect$$rtentry$$00000000)
    __rt_entry_presh_1                       0x080001ad   Thumb Code     0  __rtentry2.o(.ARM.Collect$$rtentry$$00000002)
    __rt_entry_sh                            0x080001ad   Thumb Code     0  __rtentry4.o(.ARM.Collect$$rtentry$$00000004)
    __rt_entry_li                            0x080001b3   Thumb Code     0  __rtentry2.o(.ARM.Collect$$rtentry$$0000000A)
    __rt_entry_postsh_1                      0x080001b3   Thumb Code     0  __rtentry2.o(.ARM.Collect$$rtentry$$00000009)
    __rt_entry_main                          0x080001b7   Thumb Code     0  __rtentry2.o(.ARM.Collect$$rtentry$$0000000D)
    __rt_entry_postli_1                      0x080001b7   Thumb Code     0  __rtentry2.o(.ARM.Collect$$rtentry$$0000000C)
    __rt_exit                                0x080001bf   Thumb Code     0  rtexit.o(.ARM.Collect$$rtexit$$00000000)
    __rt_exit_ls                             0x080001c1   Thumb Code     0  rtexit2.o(.ARM.Collect$$rtexit$$00000003)
    __rt_exit_prels_1                        0x080001c1   Thumb Code     0  rtexit2.o(.ARM.Collect$$rtexit$$00000002)
    __rt_exit_exit                           0x080001c5   Thumb Code     0  rtexit2.o(.ARM.Collect$$rtexit$$00000004)
    Reset_Handler                            0x080001cd   Thumb Code     8  startup_stm32f103xe.o(.text)
    ADC1_2_IRQHandler                        0x080001e7   Thumb Code     0  startup_stm32f103xe.o(.text)
    ADC3_IRQHandler                          0x080001e7   Thumb Code     0  startup_stm32f103xe.o(.text)
    CAN1_RX1_IRQHandler                      0x080001e7   Thumb Code     0  startup_stm32f103xe.o(.text)
    CAN1_SCE_IRQHandler                      0x080001e7   Thumb Code     0  startup_stm32f103xe.o(.text)
    DMA1_Channel1_IRQHandler                 0x080001e7   Thumb Code     0  startup_stm32f103xe.o(.text)
    DMA1_Channel2_IRQHandler                 0x080001e7   Thumb Code     0  startup_stm32f103xe.o(.text)
    DMA1_Channel4_IRQHandler                 0x080001e7   Thumb Code     0  startup_stm32f103xe.o(.text)
    DMA1_Channel6_IRQHandler                 0x080001e7   Thumb Code     0  startup_stm32f103xe.o(.text)
    DMA1_Channel7_IRQHandler                 0x080001e7   Thumb Code     0  startup_stm32f103xe.o(.text)
    DMA2_Channel1_IRQHandler                 0x080001e7   Thumb Code     0  startup_stm32f103xe.o(.text)
    DMA2_Channel2_IRQHandler                 0x080001e7   Thumb Code     0  startup_stm32f103xe.o(.text)
    DMA2_Channel3_IRQHandler                 0x080001e7   Thumb Code     0  startup_stm32f103xe.o(.text)
    DMA2_Channel4_5_IRQHandler               0x080001e7   Thumb Code     0  startup_stm32f103xe.o(.text)
    EXTI0_IRQHandler                         0x080001e7   Thumb Code     0  startup_stm32f103xe.o(.text)
    EXTI15_10_IRQHandler                     0x080001e7   Thumb Code     0  startup_stm32f103xe.o(.text)
    EXTI1_IRQHandler                         0x080001e7   Thumb Code     0  startup_stm32f103xe.o(.text)
    EXTI2_IRQHandler                         0x080001e7   Thumb Code     0  startup_stm32f103xe.o(.text)
    EXTI3_IRQHandler                         0x080001e7   Thumb Code     0  startup_stm32f103xe.o(.text)
    EXTI4_IRQHandler                         0x080001e7   Thumb Code     0  startup_stm32f103xe.o(.text)
    EXTI9_5_IRQHandler                       0x080001e7   Thumb Code     0  startup_stm32f103xe.o(.text)
    FLASH_IRQHandler                         0x080001e7   Thumb Code     0  startup_stm32f103xe.o(.text)
    FSMC_IRQHandler                          0x080001e7   Thumb Code     0  startup_stm32f103xe.o(.text)
    I2C1_ER_IRQHandler                       0x080001e7   Thumb Code     0  startup_stm32f103xe.o(.text)
    I2C1_EV_IRQHandler                       0x080001e7   Thumb Code     0  startup_stm32f103xe.o(.text)
    I2C2_ER_IRQHandler                       0x080001e7   Thumb Code     0  startup_stm32f103xe.o(.text)
    I2C2_EV_IRQHandler                       0x080001e7   Thumb Code     0  startup_stm32f103xe.o(.text)
    PVD_IRQHandler                           0x080001e7   Thumb Code     0  startup_stm32f103xe.o(.text)
    RCC_IRQHandler                           0x080001e7   Thumb Code     0  startup_stm32f103xe.o(.text)
    RTC_Alarm_IRQHandler                     0x080001e7   Thumb Code     0  startup_stm32f103xe.o(.text)
    RTC_IRQHandler                           0x080001e7   Thumb Code     0  startup_stm32f103xe.o(.text)
    SDIO_IRQHandler                          0x080001e7   Thumb Code     0  startup_stm32f103xe.o(.text)
    SPI1_IRQHandler                          0x080001e7   Thumb Code     0  startup_stm32f103xe.o(.text)
    SPI2_IRQHandler                          0x080001e7   Thumb Code     0  startup_stm32f103xe.o(.text)
    SPI3_IRQHandler                          0x080001e7   Thumb Code     0  startup_stm32f103xe.o(.text)
    TAMPER_IRQHandler                        0x080001e7   Thumb Code     0  startup_stm32f103xe.o(.text)
    TIM1_BRK_IRQHandler                      0x080001e7   Thumb Code     0  startup_stm32f103xe.o(.text)
    TIM1_CC_IRQHandler                       0x080001e7   Thumb Code     0  startup_stm32f103xe.o(.text)
    TIM1_TRG_COM_IRQHandler                  0x080001e7   Thumb Code     0  startup_stm32f103xe.o(.text)
    TIM1_UP_IRQHandler                       0x080001e7   Thumb Code     0  startup_stm32f103xe.o(.text)
    TIM3_IRQHandler                          0x080001e7   Thumb Code     0  startup_stm32f103xe.o(.text)
    TIM4_IRQHandler                          0x080001e7   Thumb Code     0  startup_stm32f103xe.o(.text)
    TIM5_IRQHandler                          0x080001e7   Thumb Code     0  startup_stm32f103xe.o(.text)
    TIM6_IRQHandler                          0x080001e7   Thumb Code     0  startup_stm32f103xe.o(.text)
    TIM7_IRQHandler                          0x080001e7   Thumb Code     0  startup_stm32f103xe.o(.text)
    TIM8_BRK_IRQHandler                      0x080001e7   Thumb Code     0  startup_stm32f103xe.o(.text)
    TIM8_CC_IRQHandler                       0x080001e7   Thumb Code     0  startup_stm32f103xe.o(.text)
    TIM8_TRG_COM_IRQHandler                  0x080001e7   Thumb Code     0  startup_stm32f103xe.o(.text)
    TIM8_UP_IRQHandler                       0x080001e7   Thumb Code     0  startup_stm32f103xe.o(.text)
    UART4_IRQHandler                         0x080001e7   Thumb Code     0  startup_stm32f103xe.o(.text)
    UART5_IRQHandler                         0x080001e7   Thumb Code     0  startup_stm32f103xe.o(.text)
    USART2_IRQHandler                        0x080001e7   Thumb Code     0  startup_stm32f103xe.o(.text)
    USBWakeUp_IRQHandler                     0x080001e7   Thumb Code     0  startup_stm32f103xe.o(.text)
    USB_HP_CAN1_TX_IRQHandler                0x080001e7   Thumb Code     0  startup_stm32f103xe.o(.text)
    USB_LP_CAN1_RX0_IRQHandler               0x080001e7   Thumb Code     0  startup_stm32f103xe.o(.text)
    WWDG_IRQHandler                          0x080001e7   Thumb Code     0  startup_stm32f103xe.o(.text)
    __user_initial_stackheap                 0x080001e9   Thumb Code     0  startup_stm32f103xe.o(.text)
    __use_no_semihosting                     0x0800020d   Thumb Code     2  use_no_semi_2.o(.text)
    strlen                                   0x0800020f   Thumb Code    62  strlen.o(.text)
    __aeabi_memcpy                           0x0800024d   Thumb Code     0  rt_memcpy_v6.o(.text)
    __rt_memcpy                              0x0800024d   Thumb Code   138  rt_memcpy_v6.o(.text)
    _memcpy_lastbytes                        0x080002b3   Thumb Code     0  rt_memcpy_v6.o(.text)
    __aeabi_memclr                           0x080002d7   Thumb Code     0  rt_memclr.o(.text)
    __rt_memclr                              0x080002d7   Thumb Code    68  rt_memclr.o(.text)
    _memset                                  0x080002db   Thumb Code     0  rt_memclr.o(.text)
    __aeabi_memclr4                          0x0800031b   Thumb Code     0  rt_memclr_w.o(.text)
    __aeabi_memclr8                          0x0800031b   Thumb Code     0  rt_memclr_w.o(.text)
    __rt_memclr_w                            0x0800031b   Thumb Code    78  rt_memclr_w.o(.text)
    _memset_w                                0x0800031f   Thumb Code     0  rt_memclr_w.o(.text)
    __use_two_region_memory                  0x08000369   Thumb Code     2  heapauxi.o(.text)
    __rt_heap_escrow$2region                 0x0800036b   Thumb Code     2  heapauxi.o(.text)
    __rt_heap_expand$2region                 0x0800036d   Thumb Code     2  heapauxi.o(.text)
    __I$use$semihosting                      0x0800036f   Thumb Code     0  use_no_semi.o(.text)
    __use_no_semihosting_swi                 0x0800036f   Thumb Code     2  use_no_semi.o(.text)
    __aeabi_memcpy4                          0x08000371   Thumb Code     0  rt_memcpy_w.o(.text)
    __aeabi_memcpy8                          0x08000371   Thumb Code     0  rt_memcpy_w.o(.text)
    __rt_memcpy_w                            0x08000371   Thumb Code   100  rt_memcpy_w.o(.text)
    _memcpy_lastbytes_aligned                0x080003b9   Thumb Code     0  rt_memcpy_w.o(.text)
    __user_setup_stackheap                   0x080003d5   Thumb Code    74  sys_stackheap_outer.o(.text)
    exit                                     0x0800041f   Thumb Code    18  exit.o(.text)
    __user_libspace                          0x08000431   Thumb Code     8  libspace.o(.text)
    __user_perproc_libspace                  0x08000431   Thumb Code     0  libspace.o(.text)
    __user_perthread_libspace                0x08000431   Thumb Code     0  libspace.o(.text)
    ADC_ConversionStop_Disable               0x08000439   Thumb Code    86  stm32f1xx_hal_adc.o(i.ADC_ConversionStop_Disable)
    ADC_Enable                               0x08000491   Thumb Code   114  stm32f1xx_hal_adc.o(i.ADC_Enable)
    BusFault_Handler                         0x0800050d   Thumb Code     2  stm32f1xx_it.o(i.BusFault_Handler)
    CalculateChecksum                        0x0800050f   Thumb Code    26  usart.o(i.CalculateChecksum)
    CalculateChecksum1                       0x08000529   Thumb Code    26  usart.o(i.CalculateChecksum1)
    Configure_BLE_Module                     0x08000545   Thumb Code    26  usart.o(i.Configure_BLE_Module)
    DMA1_Channel3_IRQHandler                 0x08000571   Thumb Code     6  stm32f1xx_it.o(i.DMA1_Channel3_IRQHandler)
    DMA1_Channel5_IRQHandler                 0x0800057d   Thumb Code     6  stm32f1xx_it.o(i.DMA1_Channel5_IRQHandler)
    DebugMon_Handler                         0x080005b3   Thumb Code     2  stm32f1xx_it.o(i.DebugMon_Handler)
    Error_Handler                            0x080005b5   Thumb Code     4  main.o(i.Error_Handler)
    Get_Adc                                  0x080005b9   Thumb Code    44  adc.o(i.Get_Adc)
    Get_Adc_Average                          0x080005e9   Thumb Code    46  adc.o(i.Get_Adc_Average)
    HAL_ADC_ConfigChannel                    0x08000619   Thumb Code   240  stm32f1xx_hal_adc.o(i.HAL_ADC_ConfigChannel)
    HAL_ADC_GetValue                         0x08000715   Thumb Code     6  stm32f1xx_hal_adc.o(i.HAL_ADC_GetValue)
    HAL_ADC_Init                             0x0800071d   Thumb Code   272  stm32f1xx_hal_adc.o(i.HAL_ADC_Init)
    HAL_ADC_MspInit                          0x0800083d   Thumb Code    76  adc.o(i.HAL_ADC_MspInit)
    HAL_ADC_PollForConversion                0x08000895   Thumb Code   304  stm32f1xx_hal_adc.o(i.HAL_ADC_PollForConversion)
    HAL_ADC_Start                            0x080009d1   Thumb Code   184  stm32f1xx_hal_adc.o(i.HAL_ADC_Start)
    HAL_DAC_ConfigChannel                    0x08000a91   Thumb Code    78  stm32f1xx_hal_dac.o(i.HAL_DAC_ConfigChannel)
    HAL_DAC_Init                             0x08000adf   Thumb Code    40  stm32f1xx_hal_dac.o(i.HAL_DAC_Init)
    HAL_DAC_MspInit                          0x08000b09   Thumb Code    76  dac.o(i.HAL_DAC_MspInit)
    HAL_DAC_SetValue                         0x08000b61   Thumb Code    34  stm32f1xx_hal_dac.o(i.HAL_DAC_SetValue)
    HAL_DAC_Start                            0x08000b83   Thumb Code    98  stm32f1xx_hal_dac.o(i.HAL_DAC_Start)
    HAL_DAC_Stop                             0x08000be5   Thumb Code    32  stm32f1xx_hal_dac.o(i.HAL_DAC_Stop)
    HAL_DMA_Abort                            0x08000c05   Thumb Code    70  stm32f1xx_hal_dma.o(i.HAL_DMA_Abort)
    HAL_DMA_Abort_IT                         0x08000c4d   Thumb Code   296  stm32f1xx_hal_dma.o(i.HAL_DMA_Abort_IT)
    HAL_DMA_IRQHandler                       0x08000d7d   Thumb Code   552  stm32f1xx_hal_dma.o(i.HAL_DMA_IRQHandler)
    HAL_DMA_Init                             0x08000fc5   Thumb Code   112  stm32f1xx_hal_dma.o(i.HAL_DMA_Init)
    HAL_DMA_Start_IT                         0x08001041   Thumb Code   112  stm32f1xx_hal_dma.o(i.HAL_DMA_Start_IT)
    HAL_Delay                                0x080010b1   Thumb Code    32  stm32f1xx_hal.o(i.HAL_Delay)
    HAL_GPIO_Init                            0x080010d5   Thumb Code   462  stm32f1xx_hal_gpio.o(i.HAL_GPIO_Init)
    HAL_GPIO_TogglePin                       0x080012cd   Thumb Code    16  stm32f1xx_hal_gpio.o(i.HAL_GPIO_TogglePin)
    HAL_GPIO_WritePin                        0x080012dd   Thumb Code    10  stm32f1xx_hal_gpio.o(i.HAL_GPIO_WritePin)
    HAL_GetTick                              0x080012e9   Thumb Code     6  stm32f1xx_hal.o(i.HAL_GetTick)
    HAL_IWDG_Init                            0x080012f5   Thumb Code    94  stm32f1xx_hal_iwdg.o(i.HAL_IWDG_Init)
    HAL_IWDG_Refresh                         0x08001353   Thumb Code    12  stm32f1xx_hal_iwdg.o(i.HAL_IWDG_Refresh)
    HAL_IncTick                              0x08001361   Thumb Code    12  stm32f1xx_hal.o(i.HAL_IncTick)
    HAL_Init                                 0x08001371   Thumb Code    32  stm32f1xx_hal.o(i.HAL_Init)
    HAL_InitTick                             0x08001395   Thumb Code    54  stm32f1xx_hal.o(i.HAL_InitTick)
    HAL_MspInit                              0x080013d5   Thumb Code    52  stm32f1xx_hal_msp.o(i.HAL_MspInit)
    HAL_NVIC_EnableIRQ                       0x08001411   Thumb Code    26  stm32f1xx_hal_cortex.o(i.HAL_NVIC_EnableIRQ)
    HAL_NVIC_SetPriority                     0x0800142d   Thumb Code    60  stm32f1xx_hal_cortex.o(i.HAL_NVIC_SetPriority)
    HAL_NVIC_SetPriorityGrouping             0x0800146d   Thumb Code    26  stm32f1xx_hal_cortex.o(i.HAL_NVIC_SetPriorityGrouping)
    HAL_RCCEx_GetPeriphCLKFreq               0x08001491   Thumb Code   166  stm32f1xx_hal_rcc_ex.o(i.HAL_RCCEx_GetPeriphCLKFreq)
    HAL_RCCEx_PeriphCLKConfig                0x08001549   Thumb Code   224  stm32f1xx_hal_rcc_ex.o(i.HAL_RCCEx_PeriphCLKConfig)
    HAL_RCC_ClockConfig                      0x08001635   Thumb Code   280  stm32f1xx_hal_rcc.o(i.HAL_RCC_ClockConfig)
    HAL_RCC_GetPCLK1Freq                     0x08001761   Thumb Code    20  stm32f1xx_hal_rcc.o(i.HAL_RCC_GetPCLK1Freq)
    HAL_RCC_GetPCLK2Freq                     0x08001781   Thumb Code    20  stm32f1xx_hal_rcc.o(i.HAL_RCC_GetPCLK2Freq)
    HAL_RCC_GetSysClockFreq                  0x080017a1   Thumb Code    58  stm32f1xx_hal_rcc.o(i.HAL_RCC_GetSysClockFreq)
    HAL_RCC_OscConfig                        0x080017ed   Thumb Code   778  stm32f1xx_hal_rcc.o(i.HAL_RCC_OscConfig)
    HAL_SYSTICK_CLKSourceConfig              0x08001b0d   Thumb Code    24  stm32f1xx_hal_cortex.o(i.HAL_SYSTICK_CLKSourceConfig)
    HAL_SYSTICK_Config                       0x08001b25   Thumb Code    40  stm32f1xx_hal_cortex.o(i.HAL_SYSTICK_Config)
    HAL_TIMEx_BreakCallback                  0x08001b4d   Thumb Code     2  stm32f1xx_hal_tim_ex.o(i.HAL_TIMEx_BreakCallback)
    HAL_TIMEx_CommutCallback                 0x08001b4f   Thumb Code     2  stm32f1xx_hal_tim_ex.o(i.HAL_TIMEx_CommutCallback)
    HAL_TIMEx_MasterConfigSynchronization    0x08001b51   Thumb Code   104  stm32f1xx_hal_tim_ex.o(i.HAL_TIMEx_MasterConfigSynchronization)
    HAL_TIM_Base_Init                        0x08001bcd   Thumb Code    90  stm32f1xx_hal_tim.o(i.HAL_TIM_Base_Init)
    HAL_TIM_Base_MspInit                     0x08001c29   Thumb Code    50  tim.o(i.HAL_TIM_Base_MspInit)
    HAL_TIM_Base_Start_IT                    0x08001c61   Thumb Code    88  stm32f1xx_hal_tim.o(i.HAL_TIM_Base_Start_IT)
    HAL_TIM_Base_Stop_IT                     0x08001ccd   Thumb Code    48  stm32f1xx_hal_tim.o(i.HAL_TIM_Base_Stop_IT)
    HAL_TIM_ConfigClockSource                0x08001cfd   Thumb Code   220  stm32f1xx_hal_tim.o(i.HAL_TIM_ConfigClockSource)
    HAL_TIM_IC_CaptureCallback               0x08001dd9   Thumb Code     2  stm32f1xx_hal_tim.o(i.HAL_TIM_IC_CaptureCallback)
    HAL_TIM_IRQHandler                       0x08001ddb   Thumb Code   304  stm32f1xx_hal_tim.o(i.HAL_TIM_IRQHandler)
    HAL_TIM_OC_DelayElapsedCallback          0x08001f0b   Thumb Code     2  stm32f1xx_hal_tim.o(i.HAL_TIM_OC_DelayElapsedCallback)
    HAL_TIM_PWM_PulseFinishedCallback        0x08001f0d   Thumb Code     2  stm32f1xx_hal_tim.o(i.HAL_TIM_PWM_PulseFinishedCallback)
    HAL_TIM_PeriodElapsedCallback            0x08001f0f   Thumb Code     2  stm32f1xx_hal_tim.o(i.HAL_TIM_PeriodElapsedCallback)
    HAL_TIM_TriggerCallback                  0x08001f11   Thumb Code     2  stm32f1xx_hal_tim.o(i.HAL_TIM_TriggerCallback)
    HAL_UARTEx_RxEventCallback               0x08001f13   Thumb Code     2  stm32f1xx_hal_uart.o(i.HAL_UARTEx_RxEventCallback)
    HAL_UART_DMAStop                         0x08001f15   Thumb Code   112  stm32f1xx_hal_uart.o(i.HAL_UART_DMAStop)
    HAL_UART_ErrorCallback                   0x08001f85   Thumb Code     2  stm32f1xx_hal_uart.o(i.HAL_UART_ErrorCallback)
    HAL_UART_IRQHandler                      0x08001f89   Thumb Code   616  stm32f1xx_hal_uart.o(i.HAL_UART_IRQHandler)
    HAL_UART_Init                            0x080021f5   Thumb Code   100  stm32f1xx_hal_uart.o(i.HAL_UART_Init)
    HAL_UART_MspInit                         0x08002259   Thumb Code   292  usart.o(i.HAL_UART_MspInit)
    HAL_UART_Receive_DMA                     0x08002399   Thumb Code    28  stm32f1xx_hal_uart.o(i.HAL_UART_Receive_DMA)
    HAL_UART_RxCpltCallback                  0x080023b5   Thumb Code     2  usart.o(i.HAL_UART_RxCpltCallback)
    HAL_UART_RxHalfCpltCallback              0x080023b7   Thumb Code     2  stm32f1xx_hal_uart.o(i.HAL_UART_RxHalfCpltCallback)
    HAL_UART_Transmit                        0x080023b9   Thumb Code   160  stm32f1xx_hal_uart.o(i.HAL_UART_Transmit)
    HAL_UART_TxCpltCallback                  0x08002459   Thumb Code     2  stm32f1xx_hal_uart.o(i.HAL_UART_TxCpltCallback)
    HardFault_Handler                        0x0800245b   Thumb Code     2  stm32f1xx_it.o(i.HardFault_Handler)
    IWDG_Feed                                0x0800245d   Thumb Code     6  iwdg.o(i.IWDG_Feed)
    InitParams                               0x08002469   Thumb Code    54  ecw.o(i.InitParams)
    MX_ADC1_Init                             0x080024a9   Thumb Code    70  adc.o(i.MX_ADC1_Init)
    MX_DAC_Init                              0x080024f9   Thumb Code    50  dac.o(i.MX_DAC_Init)
    MX_DMA_Init                              0x08002535   Thumb Code    56  dma.o(i.MX_DMA_Init)
    MX_GPIO_Init                             0x08002571   Thumb Code   156  gpio.o(i.MX_GPIO_Init)
    MX_IWDG_Init                             0x08002619   Thumb Code    36  iwdg.o(i.MX_IWDG_Init)
    MX_TIM2_Init                             0x08002645   Thumb Code    98  tim.o(i.MX_TIM2_Init)
    MX_USART3_UART_Init                      0x080026ad   Thumb Code    68  usart.o(i.MX_USART3_UART_Init)
    MemManage_Handler                        0x080026fd   Thumb Code     2  stm32f1xx_it.o(i.MemManage_Handler)
    NMI_Handler                              0x080026ff   Thumb Code     2  stm32f1xx_it.o(i.NMI_Handler)
    PendSV_Handler                           0x08002701   Thumb Code     2  stm32f1xx_it.o(i.PendSV_Handler)
    ProcessReceivedData                      0x08002705   Thumb Code   152  usart.o(i.ProcessReceivedData)
    RunSweepMode                             0x080027a5   Thumb Code   222  ecw.o(i.RunSweepMode)
    SVC_Handler                              0x0800288d   Thumb Code     2  stm32f1xx_it.o(i.SVC_Handler)
    SendData                                 0x08002891   Thumb Code    82  usart.o(i.SendData)
    SendData1                                0x080028e9   Thumb Code    82  usart.o(i.SendData1)
    Send_AT_Command                          0x08002941   Thumb Code    46  usart.o(i.Send_AT_Command)
    SysTick_Handler                          0x08002979   Thumb Code     4  stm32f1xx_it.o(i.SysTick_Handler)
    SystemClock_Config                       0x0800297d   Thumb Code   122  main.o(i.SystemClock_Config)
    SystemInit                               0x080029f7   Thumb Code     2  system_stm32f1xx.o(i.SystemInit)
    TIM2_IRQHandler                          0x080029f9   Thumb Code    16  stm32f1xx_it.o(i.TIM2_IRQHandler)
    TIM_Base_SetConfig                       0x08002a11   Thumb Code   134  stm32f1xx_hal_tim.o(i.TIM_Base_SetConfig)
    TIM_ETR_SetConfig                        0x08002aad   Thumb Code    20  stm32f1xx_hal_tim.o(i.TIM_ETR_SetConfig)
    UART_Start_Receive_DMA                   0x08002df9   Thumb Code   130  stm32f1xx_hal_uart.o(i.UART_Start_Receive_DMA)
    USART1_IRQHandler                        0x08002efd   Thumb Code    64  stm32f1xx_it.o(i.USART1_IRQHandler)
    USART3_IRQHandler                        0x08002f45   Thumb Code    78  stm32f1xx_it.o(i.USART3_IRQHandler)
    UsageFault_Handler                       0x08002fa1   Thumb Code     2  stm32f1xx_it.o(i.UsageFault_Handler)
    _sys_exit                                0x08002fc3   Thumb Code     2  usart.o(i._sys_exit)
    delay_init                               0x08002fc5   Thumb Code    16  delay.o(i.delay_init)
    delay_us                                 0x08002fd9   Thumb Code    48  delay.o(i.delay_us)
    main                                     0x08003021   Thumb Code    84  main.o(i.main)
    packAndSendData                          0x08003081   Thumb Code    84  ecw.o(i.packAndSendData)
    parseSweepModePayload                    0x080030d9   Thumb Code   218  ecw.o(i.parseSweepModePayload)
    reset_Voltammogram_arrays                0x080031b9   Thumb Code    12  ecw.o(i.reset_Voltammogram_arrays)
    runCV                                    0x080031c9   Thumb Code   128  ecw.o(i.runCV)
    runCVBackward                            0x08003249   Thumb Code   220  ecw.o(i.runCVBackward)
    runCVForward                             0x08003329   Thumb Code   220  ecw.o(i.runCVForward)
    runDPV                                   0x08003409   Thumb Code   170  ecw.o(i.runDPV)
    runDPVBackward                           0x080034b5   Thumb Code   204  ecw.o(i.runDPVBackward)
    runDPVForward                            0x08003585   Thumb Code   204  ecw.o(i.runDPVForward)
    runIT                                    0x08003655   Thumb Code   274  ecw.o(i.runIT)
    runSWV                                   0x08003779   Thumb Code   168  ecw.o(i.runSWV)
    runSWVBackward                           0x08003825   Thumb Code   220  ecw.o(i.runSWVBackward)
    runSWVForward                            0x08003905   Thumb Code   220  ecw.o(i.runSWVForward)
    sampleAndSendData                        0x080039e5   Thumb Code    64  ecw.o(i.sampleAndSendData)
    sampleCurrent                            0x08003a29   Thumb Code    72  ecw.o(i.sampleCurrent)
    setCurrentRange                          0x08003aad   Thumb Code    42  ecw.o(i.setCurrentRange)
    setPotentiostatVoltage                   0x08003ae1   Thumb Code    86  ecw.o(i.setPotentiostatVoltage)
    __aeabi_fadd                             0x08003b4d   Thumb Code     0  faddsub_clz.o(x$fpl$fadd)
    _fadd                                    0x08003b4d   Thumb Code   196  faddsub_clz.o(x$fpl$fadd)
    __fpl_fcheck_NaN1                        0x08003c11   Thumb Code     6  fcheck1.o(x$fpl$fcheck1)
    __fpl_fcmp_Inf                           0x08003c1d   Thumb Code    24  fcmpi.o(x$fpl$fcmpinf)
    __aeabi_fdiv                             0x08003c35   Thumb Code     0  fdiv.o(x$fpl$fdiv)
    _fdiv                                    0x08003c35   Thumb Code   384  fdiv.o(x$fpl$fdiv)
    __aeabi_f2iz                             0x08003db9   Thumb Code     0  ffix.o(x$fpl$ffix)
    _ffix                                    0x08003db9   Thumb Code    54  ffix.o(x$fpl$ffix)
    __aeabi_f2uiz                            0x08003df1   Thumb Code     0  ffixu.o(x$fpl$ffixu)
    _ffixu                                   0x08003df1   Thumb Code    62  ffixu.o(x$fpl$ffixu)
    __aeabi_i2f                              0x08003e31   Thumb Code     0  fflt_clz.o(x$fpl$fflt)
    _fflt                                    0x08003e31   Thumb Code    48  fflt_clz.o(x$fpl$fflt)
    __aeabi_ui2f                             0x08003e61   Thumb Code     0  fflt_clz.o(x$fpl$ffltu)
    _ffltu                                   0x08003e61   Thumb Code    38  fflt_clz.o(x$fpl$ffltu)
    __aeabi_cfcmple                          0x08003e89   Thumb Code     0  fleqf.o(x$fpl$fleqf)
    _fcmple                                  0x08003e89   Thumb Code   104  fleqf.o(x$fpl$fleqf)
    __fpl_fcmple_InfNaN                      0x08003edb   Thumb Code     0  fleqf.o(x$fpl$fleqf)
    __aeabi_fmul                             0x08003ef1   Thumb Code     0  fmul.o(x$fpl$fmul)
    _fmul                                    0x08003ef1   Thumb Code   258  fmul.o(x$fpl$fmul)
    __fpl_fnaninf                            0x08003ff3   Thumb Code   140  fnaninf.o(x$fpl$fnaninf)
    __fpl_fretinf                            0x0800407f   Thumb Code    10  fretinf.o(x$fpl$fretinf)
    __aeabi_frsub                            0x08004089   Thumb Code     0  faddsub_clz.o(x$fpl$frsb)
    _frsb                                    0x08004089   Thumb Code    20  faddsub_clz.o(x$fpl$frsb)
    __aeabi_fsub                             0x0800409d   Thumb Code     0  faddsub_clz.o(x$fpl$fsub)
    _fsub                                    0x0800409d   Thumb Code   234  faddsub_clz.o(x$fpl$fsub)
    __fpl_return_NaN                         0x08004187   Thumb Code   100  retnan.o(x$fpl$retnan)
    __ARM_scalbnf                            0x080041eb   Thumb Code    76  scalbnf.o(x$fpl$scalbnf)
    __fpl_cmpreturn                          0x08004237   Thumb Code    48  trapv.o(x$fpl$trapveneer)
    __I$use$fp                               0x08004266   Number         0  usenofp.o(x$fpl$usenofp)
    AHBPrescTable                            0x0800428a   Data          16  system_stm32f1xx.o(.constdata)
    APBPrescTable                            0x0800429a   Data           8  system_stm32f1xx.o(.constdata)
    Region$$Table$$Base                      0x080042a4   Number         0  anon$$obj.o(Region$$Table)
    Region$$Table$$Limit                     0x080042c4   Number         0  anon$$obj.o(Region$$Table)
    Sweep_Mode                               0x20000000   Data           1  ecw.o(.data)
    Current_Range                            0x20000001   Data           1  ecw.o(.data)
    samplingFlag                             0x20000002   Data           1  ecw.o(.data)
    lastTime                                 0x20000004   Data           4  ecw.o(.data)
    volts                                    0x20000008   Data           4  ecw.o(.data)
    time                                     0x2000000c   Data           4  ecw.o(.data)
    current                                  0x20000010   Data           4  ecw.o(.data)
    uwTickFreq                               0x20000018   Data           1  stm32f1xx_hal.o(.data)
    uwTickPrio                               0x2000001c   Data           4  stm32f1xx_hal.o(.data)
    uwTick                                   0x20000020   Data           4  stm32f1xx_hal.o(.data)
    SystemCoreClock                          0x20000024   Data           4  system_stm32f1xx.o(.data)
    itParams                                 0x20000028   Data          16  ecw.o(.bss)
    cvParams                                 0x20000038   Data          16  ecw.o(.bss)
    dpvParams                                0x20000048   Data          28  ecw.o(.bss)
    swvParams                                0x20000064   Data          20  ecw.o(.bss)
    hadc1                                    0x20000078   Data          48  adc.o(.bss)
    hdac                                     0x200000a8   Data          20  dac.o(.bss)
    htim2                                    0x200000bc   Data          72  tim.o(.bss)
    rx_buffer                                0x20000104   Data         256  usart.o(.bss)
    rx_buffer_uart1                          0x20000204   Data         256  usart.o(.bss)
    payload                                  0x20000304   Data         100  usart.o(.bss)
    huart1                                   0x20000368   Data          72  usart.o(.bss)
    hdma_usart1_rx                           0x200003b0   Data          68  usart.o(.bss)
    huart3                                   0x200003f4   Data          72  usart.o(.bss)
    hdma_usart3_rx                           0x2000043c   Data          68  usart.o(.bss)
    hiwdg                                    0x20000480   Data          12  iwdg.o(.bss)
    __libspace_start                         0x2000048c   Data          96  libspace.o(.bss)
    __temporary_stack_top$libspace           0x200004ec   Data           0  libspace.o(.bss)



==============================================================================

Memory Map of the image

  Image Entry point : 0x08000131

  Load Region LR_IROM1 (Base: 0x08000000, Size: 0x000042ec, Max: 0x00040000, ABSOLUTE)

    Execution Region ER_IROM1 (Exec base: 0x08000000, Load base: 0x08000000, Size: 0x000042c4, Max: 0x00040000, ABSOLUTE)

    Exec Addr    Load Addr    Size         Type   Attr      Idx    E Section Name        Object

    0x08000000   0x08000000   0x00000130   Data   RO            3    RESET               startup_stm32f103xe.o
    0x08000130   0x08000130   0x00000008   Code   RO         3887  * !!!main             c_w.l(__main.o)
    0x08000138   0x08000138   0x00000034   Code   RO         4089    !!!scatter          c_w.l(__scatter.o)
    0x0800016c   0x0800016c   0x0000001a   Code   RO         4091    !!handler_copy      c_w.l(__scatter_copy.o)
    0x08000186   0x08000186   0x00000002   PAD
    0x08000188   0x08000188   0x0000001c   Code   RO         4093    !!handler_zi        c_w.l(__scatter_zi.o)
    0x080001a4   0x080001a4   0x00000002   Code   RO         3959    .ARM.Collect$$libinit$$00000000  c_w.l(libinit.o)
    0x080001a6   0x080001a6   0x00000000   Code   RO         3968    .ARM.Collect$$libinit$$00000002  c_w.l(libinit2.o)
    0x080001a6   0x080001a6   0x00000000   Code   RO         3970    .ARM.Collect$$libinit$$00000004  c_w.l(libinit2.o)
    0x080001a6   0x080001a6   0x00000000   Code   RO         3973    .ARM.Collect$$libinit$$0000000A  c_w.l(libinit2.o)
    0x080001a6   0x080001a6   0x00000000   Code   RO         3975    .ARM.Collect$$libinit$$0000000C  c_w.l(libinit2.o)
    0x080001a6   0x080001a6   0x00000000   Code   RO         3977    .ARM.Collect$$libinit$$0000000E  c_w.l(libinit2.o)
    0x080001a6   0x080001a6   0x00000000   Code   RO         3980    .ARM.Collect$$libinit$$00000011  c_w.l(libinit2.o)
    0x080001a6   0x080001a6   0x00000000   Code   RO         3982    .ARM.Collect$$libinit$$00000013  c_w.l(libinit2.o)
    0x080001a6   0x080001a6   0x00000000   Code   RO         3984    .ARM.Collect$$libinit$$00000015  c_w.l(libinit2.o)
    0x080001a6   0x080001a6   0x00000000   Code   RO         3986    .ARM.Collect$$libinit$$00000017  c_w.l(libinit2.o)
    0x080001a6   0x080001a6   0x00000000   Code   RO         3988    .ARM.Collect$$libinit$$00000019  c_w.l(libinit2.o)
    0x080001a6   0x080001a6   0x00000000   Code   RO         3990    .ARM.Collect$$libinit$$0000001B  c_w.l(libinit2.o)
    0x080001a6   0x080001a6   0x00000000   Code   RO         3992    .ARM.Collect$$libinit$$0000001D  c_w.l(libinit2.o)
    0x080001a6   0x080001a6   0x00000000   Code   RO         3994    .ARM.Collect$$libinit$$0000001F  c_w.l(libinit2.o)
    0x080001a6   0x080001a6   0x00000000   Code   RO         3996    .ARM.Collect$$libinit$$00000021  c_w.l(libinit2.o)
    0x080001a6   0x080001a6   0x00000000   Code   RO         3998    .ARM.Collect$$libinit$$00000023  c_w.l(libinit2.o)
    0x080001a6   0x080001a6   0x00000000   Code   RO         4000    .ARM.Collect$$libinit$$00000025  c_w.l(libinit2.o)
    0x080001a6   0x080001a6   0x00000000   Code   RO         4004    .ARM.Collect$$libinit$$0000002C  c_w.l(libinit2.o)
    0x080001a6   0x080001a6   0x00000000   Code   RO         4006    .ARM.Collect$$libinit$$0000002E  c_w.l(libinit2.o)
    0x080001a6   0x080001a6   0x00000000   Code   RO         4008    .ARM.Collect$$libinit$$00000030  c_w.l(libinit2.o)
    0x080001a6   0x080001a6   0x00000000   Code   RO         4010    .ARM.Collect$$libinit$$00000032  c_w.l(libinit2.o)
    0x080001a6   0x080001a6   0x00000002   Code   RO         4011    .ARM.Collect$$libinit$$00000033  c_w.l(libinit2.o)
    0x080001a8   0x080001a8   0x00000002   Code   RO         4029    .ARM.Collect$$libshutdown$$00000000  c_w.l(libshutdown.o)
    0x080001aa   0x080001aa   0x00000000   Code   RO         4039    .ARM.Collect$$libshutdown$$00000002  c_w.l(libshutdown2.o)
    0x080001aa   0x080001aa   0x00000000   Code   RO         4041    .ARM.Collect$$libshutdown$$00000004  c_w.l(libshutdown2.o)
    0x080001aa   0x080001aa   0x00000000   Code   RO         4043    .ARM.Collect$$libshutdown$$00000006  c_w.l(libshutdown2.o)
    0x080001aa   0x080001aa   0x00000000   Code   RO         4046    .ARM.Collect$$libshutdown$$00000009  c_w.l(libshutdown2.o)
    0x080001aa   0x080001aa   0x00000000   Code   RO         4049    .ARM.Collect$$libshutdown$$0000000C  c_w.l(libshutdown2.o)
    0x080001aa   0x080001aa   0x00000000   Code   RO         4051    .ARM.Collect$$libshutdown$$0000000E  c_w.l(libshutdown2.o)
    0x080001aa   0x080001aa   0x00000000   Code   RO         4054    .ARM.Collect$$libshutdown$$00000011  c_w.l(libshutdown2.o)
    0x080001aa   0x080001aa   0x00000002   Code   RO         4055    .ARM.Collect$$libshutdown$$00000012  c_w.l(libshutdown2.o)
    0x080001ac   0x080001ac   0x00000000   Code   RO         3921    .ARM.Collect$$rtentry$$00000000  c_w.l(__rtentry.o)
    0x080001ac   0x080001ac   0x00000000   Code   RO         3934    .ARM.Collect$$rtentry$$00000002  c_w.l(__rtentry2.o)
    0x080001ac   0x080001ac   0x00000006   Code   RO         3946    .ARM.Collect$$rtentry$$00000004  c_w.l(__rtentry4.o)
    0x080001b2   0x080001b2   0x00000000   Code   RO         3936    .ARM.Collect$$rtentry$$00000009  c_w.l(__rtentry2.o)
    0x080001b2   0x080001b2   0x00000004   Code   RO         3937    .ARM.Collect$$rtentry$$0000000A  c_w.l(__rtentry2.o)
    0x080001b6   0x080001b6   0x00000000   Code   RO         3939    .ARM.Collect$$rtentry$$0000000C  c_w.l(__rtentry2.o)
    0x080001b6   0x080001b6   0x00000008   Code   RO         3940    .ARM.Collect$$rtentry$$0000000D  c_w.l(__rtentry2.o)
    0x080001be   0x080001be   0x00000002   Code   RO         3965    .ARM.Collect$$rtexit$$00000000  c_w.l(rtexit.o)
    0x080001c0   0x080001c0   0x00000000   Code   RO         4013    .ARM.Collect$$rtexit$$00000002  c_w.l(rtexit2.o)
    0x080001c0   0x080001c0   0x00000004   Code   RO         4014    .ARM.Collect$$rtexit$$00000003  c_w.l(rtexit2.o)
    0x080001c4   0x080001c4   0x00000006   Code   RO         4015    .ARM.Collect$$rtexit$$00000004  c_w.l(rtexit2.o)
    0x080001ca   0x080001ca   0x00000002   PAD
    0x080001cc   0x080001cc   0x00000040   Code   RO            4    .text               startup_stm32f103xe.o
    0x0800020c   0x0800020c   0x00000002   Code   RO         3873    .text               c_w.l(use_no_semi_2.o)
    0x0800020e   0x0800020e   0x0000003e   Code   RO         3877    .text               c_w.l(strlen.o)
    0x0800024c   0x0800024c   0x0000008a   Code   RO         3879    .text               c_w.l(rt_memcpy_v6.o)
    0x080002d6   0x080002d6   0x00000044   Code   RO         3881    .text               c_w.l(rt_memclr.o)
    0x0800031a   0x0800031a   0x0000004e   Code   RO         3883    .text               c_w.l(rt_memclr_w.o)
    0x08000368   0x08000368   0x00000006   Code   RO         3885    .text               c_w.l(heapauxi.o)
    0x0800036e   0x0800036e   0x00000002   Code   RO         3919    .text               c_w.l(use_no_semi.o)
    0x08000370   0x08000370   0x00000064   Code   RO         3922    .text               c_w.l(rt_memcpy_w.o)
    0x080003d4   0x080003d4   0x0000004a   Code   RO         3950    .text               c_w.l(sys_stackheap_outer.o)
    0x0800041e   0x0800041e   0x00000012   Code   RO         3952    .text               c_w.l(exit.o)
    0x08000430   0x08000430   0x00000008   Code   RO         3962    .text               c_w.l(libspace.o)
    0x08000438   0x08000438   0x00000056   Code   RO          977    i.ADC_ConversionStop_Disable  stm32f1xx_hal_adc.o
    0x0800048e   0x0800048e   0x00000002   PAD
    0x08000490   0x08000490   0x0000007c   Code   RO          981    i.ADC_Enable        stm32f1xx_hal_adc.o
    0x0800050c   0x0800050c   0x00000002   Code   RO          763    i.BusFault_Handler  stm32f1xx_it.o
    0x0800050e   0x0800050e   0x0000001a   Code   RO          639    i.CalculateChecksum  usart.o
    0x08000528   0x08000528   0x0000001a   Code   RO          640    i.CalculateChecksum1  usart.o
    0x08000542   0x08000542   0x00000002   PAD
    0x08000544   0x08000544   0x0000002c   Code   RO          641    i.Configure_BLE_Module  usart.o
    0x08000570   0x08000570   0x0000000c   Code   RO          764    i.DMA1_Channel3_IRQHandler  stm32f1xx_it.o
    0x0800057c   0x0800057c   0x0000000c   Code   RO          765    i.DMA1_Channel5_IRQHandler  stm32f1xx_it.o
    0x08000588   0x08000588   0x0000002a   Code   RO         1633    i.DMA_SetConfig     stm32f1xx_hal_dma.o
    0x080005b2   0x080005b2   0x00000002   Code   RO          766    i.DebugMon_Handler  stm32f1xx_it.o
    0x080005b4   0x080005b4   0x00000004   Code   RO          399    i.Error_Handler     main.o
    0x080005b8   0x080005b8   0x00000030   Code   RO          477    i.Get_Adc           adc.o
    0x080005e8   0x080005e8   0x0000002e   Code   RO          478    i.Get_Adc_Average   adc.o
    0x08000616   0x08000616   0x00000002   PAD
    0x08000618   0x08000618   0x000000fc   Code   RO          983    i.HAL_ADC_ConfigChannel  stm32f1xx_hal_adc.o
    0x08000714   0x08000714   0x00000006   Code   RO          990    i.HAL_ADC_GetValue  stm32f1xx_hal_adc.o
    0x0800071a   0x0800071a   0x00000002   PAD
    0x0800071c   0x0800071c   0x00000120   Code   RO          992    i.HAL_ADC_Init      stm32f1xx_hal_adc.o
    0x0800083c   0x0800083c   0x00000058   Code   RO          480    i.HAL_ADC_MspInit   adc.o
    0x08000894   0x08000894   0x0000013c   Code   RO          996    i.HAL_ADC_PollForConversion  stm32f1xx_hal_adc.o
    0x080009d0   0x080009d0   0x000000c0   Code   RO          998    i.HAL_ADC_Start     stm32f1xx_hal_adc.o
    0x08000a90   0x08000a90   0x0000004e   Code   RO         2233    i.HAL_DAC_ConfigChannel  stm32f1xx_hal_dac.o
    0x08000ade   0x08000ade   0x00000028   Code   RO         2243    i.HAL_DAC_Init      stm32f1xx_hal_dac.o
    0x08000b06   0x08000b06   0x00000002   PAD
    0x08000b08   0x08000b08   0x00000058   Code   RO          532    i.HAL_DAC_MspInit   dac.o
    0x08000b60   0x08000b60   0x00000022   Code   RO         2246    i.HAL_DAC_SetValue  stm32f1xx_hal_dac.o
    0x08000b82   0x08000b82   0x00000062   Code   RO         2247    i.HAL_DAC_Start     stm32f1xx_hal_dac.o
    0x08000be4   0x08000be4   0x00000020   Code   RO         2249    i.HAL_DAC_Stop      stm32f1xx_hal_dac.o
    0x08000c04   0x08000c04   0x00000046   Code   RO         1634    i.HAL_DMA_Abort     stm32f1xx_hal_dma.o
    0x08000c4a   0x08000c4a   0x00000002   PAD
    0x08000c4c   0x08000c4c   0x00000130   Code   RO         1635    i.HAL_DMA_Abort_IT  stm32f1xx_hal_dma.o
    0x08000d7c   0x08000d7c   0x00000248   Code   RO         1639    i.HAL_DMA_IRQHandler  stm32f1xx_hal_dma.o
    0x08000fc4   0x08000fc4   0x0000007c   Code   RO         1640    i.HAL_DMA_Init      stm32f1xx_hal_dma.o
    0x08001040   0x08001040   0x00000070   Code   RO         1644    i.HAL_DMA_Start_IT  stm32f1xx_hal_dma.o
    0x080010b0   0x080010b0   0x00000024   Code   RO         1260    i.HAL_Delay         stm32f1xx_hal.o
    0x080010d4   0x080010d4   0x000001f8   Code   RO         1570    i.HAL_GPIO_Init     stm32f1xx_hal_gpio.o
    0x080012cc   0x080012cc   0x00000010   Code   RO         1573    i.HAL_GPIO_TogglePin  stm32f1xx_hal_gpio.o
    0x080012dc   0x080012dc   0x0000000a   Code   RO         1574    i.HAL_GPIO_WritePin  stm32f1xx_hal_gpio.o
    0x080012e6   0x080012e6   0x00000002   PAD
    0x080012e8   0x080012e8   0x0000000c   Code   RO         1264    i.HAL_GetTick       stm32f1xx_hal.o
    0x080012f4   0x080012f4   0x0000005e   Code   RO         3806    i.HAL_IWDG_Init     stm32f1xx_hal_iwdg.o
    0x08001352   0x08001352   0x0000000c   Code   RO         3807    i.HAL_IWDG_Refresh  stm32f1xx_hal_iwdg.o
    0x0800135e   0x0800135e   0x00000002   PAD
    0x08001360   0x08001360   0x00000010   Code   RO         1270    i.HAL_IncTick       stm32f1xx_hal.o
    0x08001370   0x08001370   0x00000024   Code   RO         1271    i.HAL_Init          stm32f1xx_hal.o
    0x08001394   0x08001394   0x00000040   Code   RO         1272    i.HAL_InitTick      stm32f1xx_hal.o
    0x080013d4   0x080013d4   0x0000003c   Code   RO          869    i.HAL_MspInit       stm32f1xx_hal_msp.o
    0x08001410   0x08001410   0x0000001a   Code   RO         1730    i.HAL_NVIC_EnableIRQ  stm32f1xx_hal_cortex.o
    0x0800142a   0x0800142a   0x00000002   PAD
    0x0800142c   0x0800142c   0x00000040   Code   RO         1736    i.HAL_NVIC_SetPriority  stm32f1xx_hal_cortex.o
    0x0800146c   0x0800146c   0x00000024   Code   RO         1737    i.HAL_NVIC_SetPriorityGrouping  stm32f1xx_hal_cortex.o
    0x08001490   0x08001490   0x000000b8   Code   RO         1531    i.HAL_RCCEx_GetPeriphCLKFreq  stm32f1xx_hal_rcc_ex.o
    0x08001548   0x08001548   0x000000ec   Code   RO         1532    i.HAL_RCCEx_PeriphCLKConfig  stm32f1xx_hal_rcc_ex.o
    0x08001634   0x08001634   0x0000012c   Code   RO         1428    i.HAL_RCC_ClockConfig  stm32f1xx_hal_rcc.o
    0x08001760   0x08001760   0x00000020   Code   RO         1435    i.HAL_RCC_GetPCLK1Freq  stm32f1xx_hal_rcc.o
    0x08001780   0x08001780   0x00000020   Code   RO         1436    i.HAL_RCC_GetPCLK2Freq  stm32f1xx_hal_rcc.o
    0x080017a0   0x080017a0   0x0000004c   Code   RO         1437    i.HAL_RCC_GetSysClockFreq  stm32f1xx_hal_rcc.o
    0x080017ec   0x080017ec   0x00000320   Code   RO         1440    i.HAL_RCC_OscConfig  stm32f1xx_hal_rcc.o
    0x08001b0c   0x08001b0c   0x00000018   Code   RO         1739    i.HAL_SYSTICK_CLKSourceConfig  stm32f1xx_hal_cortex.o
    0x08001b24   0x08001b24   0x00000028   Code   RO         1741    i.HAL_SYSTICK_Config  stm32f1xx_hal_cortex.o
    0x08001b4c   0x08001b4c   0x00000002   Code   RO         3176    i.HAL_TIMEx_BreakCallback  stm32f1xx_hal_tim_ex.o
    0x08001b4e   0x08001b4e   0x00000002   Code   RO         3177    i.HAL_TIMEx_CommutCallback  stm32f1xx_hal_tim_ex.o
    0x08001b50   0x08001b50   0x0000007c   Code   RO         3195    i.HAL_TIMEx_MasterConfigSynchronization  stm32f1xx_hal_tim_ex.o
    0x08001bcc   0x08001bcc   0x0000005a   Code   RO         2472    i.HAL_TIM_Base_Init  stm32f1xx_hal_tim.o
    0x08001c26   0x08001c26   0x00000002   PAD
    0x08001c28   0x08001c28   0x00000038   Code   RO          598    i.HAL_TIM_Base_MspInit  tim.o
    0x08001c60   0x08001c60   0x0000006c   Code   RO         2477    i.HAL_TIM_Base_Start_IT  stm32f1xx_hal_tim.o
    0x08001ccc   0x08001ccc   0x00000030   Code   RO         2480    i.HAL_TIM_Base_Stop_IT  stm32f1xx_hal_tim.o
    0x08001cfc   0x08001cfc   0x000000dc   Code   RO         2481    i.HAL_TIM_ConfigClockSource  stm32f1xx_hal_tim.o
    0x08001dd8   0x08001dd8   0x00000002   Code   RO         2506    i.HAL_TIM_IC_CaptureCallback  stm32f1xx_hal_tim.o
    0x08001dda   0x08001dda   0x00000130   Code   RO         2520    i.HAL_TIM_IRQHandler  stm32f1xx_hal_tim.o
    0x08001f0a   0x08001f0a   0x00000002   Code   RO         2523    i.HAL_TIM_OC_DelayElapsedCallback  stm32f1xx_hal_tim.o
    0x08001f0c   0x08001f0c   0x00000002   Code   RO         2550    i.HAL_TIM_PWM_PulseFinishedCallback  stm32f1xx_hal_tim.o
    0x08001f0e   0x08001f0e   0x00000002   Code   RO         2558    i.HAL_TIM_PeriodElapsedCallback  stm32f1xx_hal_tim.o
    0x08001f10   0x08001f10   0x00000002   Code   RO         2563    i.HAL_TIM_TriggerCallback  stm32f1xx_hal_tim.o
    0x08001f12   0x08001f12   0x00000002   Code   RO         3455    i.HAL_UARTEx_RxEventCallback  stm32f1xx_hal_uart.o
    0x08001f14   0x08001f14   0x00000070   Code   RO         3467    i.HAL_UART_DMAStop  stm32f1xx_hal_uart.o
    0x08001f84   0x08001f84   0x00000002   Code   RO         3469    i.HAL_UART_ErrorCallback  stm32f1xx_hal_uart.o
    0x08001f86   0x08001f86   0x00000002   PAD
    0x08001f88   0x08001f88   0x0000026c   Code   RO         3472    i.HAL_UART_IRQHandler  stm32f1xx_hal_uart.o
    0x080021f4   0x080021f4   0x00000064   Code   RO         3473    i.HAL_UART_Init     stm32f1xx_hal_uart.o
    0x08002258   0x08002258   0x00000140   Code   RO          643    i.HAL_UART_MspInit  usart.o
    0x08002398   0x08002398   0x0000001c   Code   RO         3477    i.HAL_UART_Receive_DMA  stm32f1xx_hal_uart.o
    0x080023b4   0x080023b4   0x00000002   Code   RO          644    i.HAL_UART_RxCpltCallback  usart.o
    0x080023b6   0x080023b6   0x00000002   Code   RO         3480    i.HAL_UART_RxHalfCpltCallback  stm32f1xx_hal_uart.o
    0x080023b8   0x080023b8   0x000000a0   Code   RO         3481    i.HAL_UART_Transmit  stm32f1xx_hal_uart.o
    0x08002458   0x08002458   0x00000002   Code   RO         3484    i.HAL_UART_TxCpltCallback  stm32f1xx_hal_uart.o
    0x0800245a   0x0800245a   0x00000002   Code   RO          767    i.HardFault_Handler  stm32f1xx_it.o
    0x0800245c   0x0800245c   0x0000000c   Code   RO          895    i.IWDG_Feed         iwdg.o
    0x08002468   0x08002468   0x00000040   Code   RO           13    i.InitParams        ecw.o
    0x080024a8   0x080024a8   0x00000050   Code   RO          481    i.MX_ADC1_Init      adc.o
    0x080024f8   0x080024f8   0x0000003c   Code   RO          533    i.MX_DAC_Init       dac.o
    0x08002534   0x08002534   0x0000003c   Code   RO          573    i.MX_DMA_Init       dma.o
    0x08002570   0x08002570   0x000000a8   Code   RO          453    i.MX_GPIO_Init      gpio.o
    0x08002618   0x08002618   0x0000002c   Code   RO          896    i.MX_IWDG_Init      iwdg.o
    0x08002644   0x08002644   0x00000068   Code   RO          599    i.MX_TIM2_Init      tim.o
    0x080026ac   0x080026ac   0x00000050   Code   RO          646    i.MX_USART3_UART_Init  usart.o
    0x080026fc   0x080026fc   0x00000002   Code   RO          768    i.MemManage_Handler  stm32f1xx_it.o
    0x080026fe   0x080026fe   0x00000002   Code   RO          769    i.NMI_Handler       stm32f1xx_it.o
    0x08002700   0x08002700   0x00000002   Code   RO          770    i.PendSV_Handler    stm32f1xx_it.o
    0x08002702   0x08002702   0x00000002   PAD
    0x08002704   0x08002704   0x000000a0   Code   RO          647    i.ProcessReceivedData  usart.o
    0x080027a4   0x080027a4   0x000000e8   Code   RO           14    i.RunSweepMode      ecw.o
    0x0800288c   0x0800288c   0x00000002   Code   RO          771    i.SVC_Handler       stm32f1xx_it.o
    0x0800288e   0x0800288e   0x00000002   PAD
    0x08002890   0x08002890   0x00000058   Code   RO          648    i.SendData          usart.o
    0x080028e8   0x080028e8   0x00000058   Code   RO          649    i.SendData1         usart.o
    0x08002940   0x08002940   0x00000038   Code   RO          650    i.Send_AT_Command   usart.o
    0x08002978   0x08002978   0x00000004   Code   RO          772    i.SysTick_Handler   stm32f1xx_it.o
    0x0800297c   0x0800297c   0x0000007a   Code   RO          400    i.SystemClock_Config  main.o
    0x080029f6   0x080029f6   0x00000002   Code   RO         3837    i.SystemInit        system_stm32f1xx.o
    0x080029f8   0x080029f8   0x00000018   Code   RO          773    i.TIM2_IRQHandler   stm32f1xx_it.o
    0x08002a10   0x08002a10   0x0000009c   Code   RO         2565    i.TIM_Base_SetConfig  stm32f1xx_hal_tim.o
    0x08002aac   0x08002aac   0x00000014   Code   RO         2576    i.TIM_ETR_SetConfig  stm32f1xx_hal_tim.o
    0x08002ac0   0x08002ac0   0x00000010   Code   RO         2577    i.TIM_ITRx_SetConfig  stm32f1xx_hal_tim.o
    0x08002ad0   0x08002ad0   0x00000022   Code   RO         2583    i.TIM_TI1_ConfigInputStage  stm32f1xx_hal_tim.o
    0x08002af2   0x08002af2   0x00000024   Code   RO         2585    i.TIM_TI2_ConfigInputStage  stm32f1xx_hal_tim.o
    0x08002b16   0x08002b16   0x00000010   Code   RO         3486    i.UART_DMAAbortOnError  stm32f1xx_hal_uart.o
    0x08002b26   0x08002b26   0x0000004a   Code   RO         3487    i.UART_DMAError     stm32f1xx_hal_uart.o
    0x08002b70   0x08002b70   0x00000086   Code   RO         3488    i.UART_DMAReceiveCplt  stm32f1xx_hal_uart.o
    0x08002bf6   0x08002bf6   0x0000001e   Code   RO         3490    i.UART_DMARxHalfCplt  stm32f1xx_hal_uart.o
    0x08002c14   0x08002c14   0x0000004e   Code   RO         3496    i.UART_EndRxTransfer  stm32f1xx_hal_uart.o
    0x08002c62   0x08002c62   0x0000001c   Code   RO         3497    i.UART_EndTxTransfer  stm32f1xx_hal_uart.o
    0x08002c7e   0x08002c7e   0x000000c2   Code   RO         3498    i.UART_Receive_IT   stm32f1xx_hal_uart.o
    0x08002d40   0x08002d40   0x000000b8   Code   RO         3499    i.UART_SetConfig    stm32f1xx_hal_uart.o
    0x08002df8   0x08002df8   0x00000090   Code   RO         3500    i.UART_Start_Receive_DMA  stm32f1xx_hal_uart.o
    0x08002e88   0x08002e88   0x00000072   Code   RO         3502    i.UART_WaitOnFlagUntilTimeout  stm32f1xx_hal_uart.o
    0x08002efa   0x08002efa   0x00000002   PAD
    0x08002efc   0x08002efc   0x00000048   Code   RO          774    i.USART1_IRQHandler  stm32f1xx_it.o
    0x08002f44   0x08002f44   0x0000005c   Code   RO          775    i.USART3_IRQHandler  stm32f1xx_it.o
    0x08002fa0   0x08002fa0   0x00000002   Code   RO          776    i.UsageFault_Handler  stm32f1xx_it.o
    0x08002fa2   0x08002fa2   0x00000020   Code   RO         1743    i.__NVIC_SetPriority  stm32f1xx_hal_cortex.o
    0x08002fc2   0x08002fc2   0x00000002   Code   RO          651    i._sys_exit         usart.o
    0x08002fc4   0x08002fc4   0x00000014   Code   RO          358    i.delay_init        delay.o
    0x08002fd8   0x08002fd8   0x00000034   Code   RO          360    i.delay_us          delay.o
    0x0800300c   0x0800300c   0x00000014   Code   RO           17    i.isVoltageWithinOutputRange  ecw.o
    0x08003020   0x08003020   0x00000060   Code   RO          401    i.main              main.o
    0x08003080   0x08003080   0x00000058   Code   RO           18    i.packAndSendData   ecw.o
    0x080030d8   0x080030d8   0x000000e0   Code   RO           19    i.parseSweepModePayload  ecw.o
    0x080031b8   0x080031b8   0x00000010   Code   RO           20    i.reset_Voltammogram_arrays  ecw.o
    0x080031c8   0x080031c8   0x00000080   Code   RO           21    i.runCV             ecw.o
    0x08003248   0x08003248   0x000000e0   Code   RO           22    i.runCVBackward     ecw.o
    0x08003328   0x08003328   0x000000e0   Code   RO           23    i.runCVForward      ecw.o
    0x08003408   0x08003408   0x000000aa   Code   RO           24    i.runDPV            ecw.o
    0x080034b2   0x080034b2   0x00000002   PAD
    0x080034b4   0x080034b4   0x000000d0   Code   RO           25    i.runDPVBackward    ecw.o
    0x08003584   0x08003584   0x000000d0   Code   RO           26    i.runDPVForward     ecw.o
    0x08003654   0x08003654   0x00000124   Code   RO           27    i.runIT             ecw.o
    0x08003778   0x08003778   0x000000ac   Code   RO           28    i.runSWV            ecw.o
    0x08003824   0x08003824   0x000000e0   Code   RO           29    i.runSWVBackward    ecw.o
    0x08003904   0x08003904   0x000000e0   Code   RO           30    i.runSWVForward     ecw.o
    0x080039e4   0x080039e4   0x00000044   Code   RO           31    i.sampleAndSendData  ecw.o
    0x08003a28   0x08003a28   0x0000006c   Code   RO          158    i.sampleCurrent     ecw.o
    0x08003a94   0x08003a94   0x00000018   Code   RO           32    i.sendDormantResponse  ecw.o
    0x08003aac   0x08003aac   0x00000034   Code   RO           33    i.setCurrentRange   ecw.o
    0x08003ae0   0x08003ae0   0x0000006c   Code   RO           34    i.setPotentiostatVoltage  ecw.o
    0x08003b4c   0x08003b4c   0x000000c4   Code   RO         3889    x$fpl$fadd          fz_ws.l(faddsub_clz.o)
    0x08003c10   0x08003c10   0x0000000c   Code   RO         3924    x$fpl$fcheck1       fz_ws.l(fcheck1.o)
    0x08003c1c   0x08003c1c   0x00000018   Code   RO         3926    x$fpl$fcmpinf       fz_ws.l(fcmpi.o)
    0x08003c34   0x08003c34   0x00000184   Code   RO         3896    x$fpl$fdiv          fz_ws.l(fdiv.o)
    0x08003db8   0x08003db8   0x00000036   Code   RO         3899    x$fpl$ffix          fz_ws.l(ffix.o)
    0x08003dee   0x08003dee   0x00000002   PAD
    0x08003df0   0x08003df0   0x0000003e   Code   RO         3903    x$fpl$ffixu         fz_ws.l(ffixu.o)
    0x08003e2e   0x08003e2e   0x00000002   PAD
    0x08003e30   0x08003e30   0x00000030   Code   RO         3908    x$fpl$fflt          fz_ws.l(fflt_clz.o)
    0x08003e60   0x08003e60   0x00000026   Code   RO         3907    x$fpl$ffltu         fz_ws.l(fflt_clz.o)
    0x08003e86   0x08003e86   0x00000002   PAD
    0x08003e88   0x08003e88   0x00000068   Code   RO         3913    x$fpl$fleqf         fz_ws.l(fleqf.o)
    0x08003ef0   0x08003ef0   0x00000102   Code   RO         3915    x$fpl$fmul          fz_ws.l(fmul.o)
    0x08003ff2   0x08003ff2   0x0000008c   Code   RO         3928    x$fpl$fnaninf       fz_ws.l(fnaninf.o)
    0x0800407e   0x0800407e   0x0000000a   Code   RO         3930    x$fpl$fretinf       fz_ws.l(fretinf.o)
    0x08004088   0x08004088   0x00000014   Code   RO         3890    x$fpl$frsb          fz_ws.l(faddsub_clz.o)
    0x0800409c   0x0800409c   0x000000ea   Code   RO         3891    x$fpl$fsub          fz_ws.l(faddsub_clz.o)
    0x08004186   0x08004186   0x00000064   Code   RO         3948    x$fpl$retnan        fz_ws.l(retnan.o)
    0x080041ea   0x080041ea   0x0000004c   Code   RO         3917    x$fpl$scalbnf       fz_ws.l(scalbnf.o)
    0x08004236   0x08004236   0x00000030   Code   RO         3960    x$fpl$trapveneer    fz_ws.l(trapv.o)
    0x08004266   0x08004266   0x00000000   Code   RO         3932    x$fpl$usenofp       fz_ws.l(usenofp.o)
    0x08004266   0x08004266   0x00000012   Data   RO         1441    .constdata          stm32f1xx_hal_rcc.o
    0x08004278   0x08004278   0x00000012   Data   RO         1533    .constdata          stm32f1xx_hal_rcc_ex.o
    0x0800428a   0x0800428a   0x00000010   Data   RO         3838    .constdata          system_stm32f1xx.o
    0x0800429a   0x0800429a   0x00000008   Data   RO         3839    .constdata          system_stm32f1xx.o
    0x080042a2   0x080042a2   0x00000002   PAD
    0x080042a4   0x080042a4   0x00000020   Data   RO         4087    Region$$Table       anon$$obj.o


    Execution Region RW_IRAM1 (Exec base: 0x20000000, Load base: 0x080042c4, Size: 0x00000af0, Max: 0x0000c000, ABSOLUTE)

    Exec Addr    Load Addr    Size         Type   Attr      Idx    E Section Name        Object

    0x20000000   0x080042c4   0x00000014   Data   RW           36    .data               ecw.o
    0x20000014   0x080042d8   0x00000004   Data   RW          361    .data               delay.o
    0x20000018   0x080042dc   0x0000000c   Data   RW         1278    .data               stm32f1xx_hal.o
    0x20000024   0x080042e8   0x00000004   Data   RW         3840    .data               system_stm32f1xx.o
    0x20000028        -       0x00000050   Zero   RW           35    .bss                ecw.o
    0x20000078        -       0x00000030   Zero   RW          482    .bss                adc.o
    0x200000a8        -       0x00000014   Zero   RW          534    .bss                dac.o
    0x200000bc        -       0x00000048   Zero   RW          600    .bss                tim.o
    0x20000104        -       0x0000037c   Zero   RW          653    .bss                usart.o
    0x20000480        -       0x0000000c   Zero   RW          897    .bss                iwdg.o
    0x2000048c        -       0x00000060   Zero   RW         3963    .bss                c_w.l(libspace.o)
    0x200004ec   0x080042ec   0x00000004   PAD
    0x200004f0        -       0x00000200   Zero   RW            2    HEAP                startup_stm32f103xe.o
    0x200006f0        -       0x00000400   Zero   RW            1    STACK               startup_stm32f103xe.o


==============================================================================

Image component sizes


      Code (inc. data)   RO Data    RW Data    ZI Data      Debug   Object Name

       262         26          0          0         48       2877   adc.o
       148         22          0          0         20       1623   dac.o
        72          8          0          4          0       1348   delay.o
        60          4          0          0          0        766   dma.o
      3078        156          0         20         80     527355   ecw.o
       168         12          0          0          0        963   gpio.o
        56         14          0          0         12       1107   iwdg.o
       222         12          0          0          0       3750   main.o
        64         26        304          0       1536        812   startup_stm32f103xe.o
       164         28          0         12          0       6509   stm32f1xx_hal.o
      1264         58          0          0          0       6580   stm32f1xx_hal_adc.o
       222         14          0          0          0      29569   stm32f1xx_hal_cortex.o
       282          0          0          0          0       4133   stm32f1xx_hal_dac.o
      1236         52          0          0          0       5118   stm32f1xx_hal_dma.o
       530         42          0          0          0       3521   stm32f1xx_hal_gpio.o
       106          0          0          0          0       1855   stm32f1xx_hal_iwdg.o
        60          8          0          0          0        874   stm32f1xx_hal_msp.o
      1240         84         18          0          0       5112   stm32f1xx_hal_rcc.o
       420         30         18          0          0       2513   stm32f1xx_hal_rcc_ex.o
      1042         42          0          0          0      11000   stm32f1xx_hal_tim.o
       128         20          0          0          0       2401   stm32f1xx_hal_tim_ex.o
      2024         24          0          0          0      14827   stm32f1xx_hal_uart.o
       232         42          0          0          0       6864   stm32f1xx_it.o
         2          0         24          4          0       1119   system_stm32f1xx.o
       160         12          0          0         72       1662   tim.o
       892         88          0          0        892       9693   usart.o

    ----------------------------------------------------------------------
     14164        824        398         40       2660     653951   Object Totals
         0          0         32          0          0          0   (incl. Generated)
        30          0          2          0          0          0   (incl. Padding)

    ----------------------------------------------------------------------

      Code (inc. data)   RO Data    RW Data    ZI Data      Debug   Library Member Name

         8          0          0          0          0         68   __main.o
         0          0          0          0          0          0   __rtentry.o
        12          0          0          0          0          0   __rtentry2.o
         6          0          0          0          0          0   __rtentry4.o
        52          8          0          0          0          0   __scatter.o
        26          0          0          0          0          0   __scatter_copy.o
        28          0          0          0          0          0   __scatter_zi.o
        18          0          0          0          0         80   exit.o
         6          0          0          0          0        152   heapauxi.o
         2          0          0          0          0          0   libinit.o
         2          0          0          0          0          0   libinit2.o
         2          0          0          0          0          0   libshutdown.o
         2          0          0          0          0          0   libshutdown2.o
         8          4          0          0         96         68   libspace.o
        68          0          0          0          0         68   rt_memclr.o
        78          0          0          0          0         80   rt_memclr_w.o
       138          0          0          0          0         68   rt_memcpy_v6.o
       100          0          0          0          0         80   rt_memcpy_w.o
         2          0          0          0          0          0   rtexit.o
        10          0          0          0          0          0   rtexit2.o
        62          0          0          0          0         76   strlen.o
        74          0          0          0          0         80   sys_stackheap_outer.o
         2          0          0          0          0         68   use_no_semi.o
         2          0          0          0          0         68   use_no_semi_2.o
       450          8          0          0          0        236   faddsub_clz.o
        12          4          0          0          0         68   fcheck1.o
        24          0          0          0          0         68   fcmpi.o
       388         76          0          0          0         96   fdiv.o
        54          4          0          0          0         84   ffix.o
        62          4          0          0          0         84   ffixu.o
        86          0          0          0          0        136   fflt_clz.o
       104          4          0          0          0         84   fleqf.o
       258          4          0          0          0         84   fmul.o
       140          4          0          0          0         84   fnaninf.o
        10          0          0          0          0         68   fretinf.o
       100          0          0          0          0         68   retnan.o
        76          0          0          0          0         68   scalbnf.o
        48          0          0          0          0         68   trapv.o
         0          0          0          0          0          0   usenofp.o

    ----------------------------------------------------------------------
      2530        120          0          0        100       2252   Library Totals
        10          0          0          0          4          0   (incl. Padding)

    ----------------------------------------------------------------------

      Code (inc. data)   RO Data    RW Data    ZI Data      Debug   Library Name

       708         12          0          0         96        956   c_w.l
      1812        108          0          0          0       1296   fz_ws.l

    ----------------------------------------------------------------------
      2530        120          0          0        100       2252   Library Totals

    ----------------------------------------------------------------------

==============================================================================


      Code (inc. data)   RO Data    RW Data    ZI Data      Debug   

     16694        944        398         40       2760     647775   Grand Totals
     16694        944        398         40       2760     647775   ELF Image Totals
     16694        944        398         40          0          0   ROM Totals

==============================================================================

    Total RO  Size (Code + RO Data)                17092 (  16.69kB)
    Total RW  Size (RW Data + ZI Data)              2800 (   2.73kB)
    Total ROM Size (Code + RO Data + RW Data)      17132 (  16.73kB)

==============================================================================

